[    0.000000] Initializing cgroup subsys cpuset
[    0.000000] Initializing cgroup subsys cpu
[    0.000000] Initializing cgroup subsys cpuacct
[    0.000000] Linux version 4.4.0-173-generic (buildd@lgw01-amd64-037) (gcc version 5.4.0 20160609 (Ubuntu 5.4.0-6ubuntu1~16.04.12) ) #203-Ubuntu SMP Wed Jan 15 02:55:01 UTC 2020 (Ubuntu 4.4.0-173.203-generic 4.4.208)
[    0.000000] Command line: BOOT_IMAGE=/boot/vmlinuz-4.4.0-173-generic root=LABEL=cloudimg-rootfs ro console=tty1 console=ttyS0
[    0.000000] KERNEL supported cpus:
[    0.000000]   Intel GenuineIntel
[    0.000000]   AMD AuthenticAMD
[    0.000000]   Centaur CentaurHauls
[    0.000000] x86/fpu: xstate_offset[2]:  576, xstate_sizes[2]:  256
[    0.000000] x86/fpu: Supporting XSAVE feature 0x01: 'x87 floating point registers'
[    0.000000] x86/fpu: Supporting XSAVE feature 0x02: 'SSE registers'
[    0.000000] x86/fpu: Supporting XSAVE feature 0x04: 'AVX registers'
[    0.000000] x86/fpu: Enabled xstate features 0x7, context size is 832 bytes, using 'standard' format.
[    0.000000] e820: BIOS-provided physical RAM map:
[    0.000000] BIOS-e820: [mem 0x0000000000000000-0x000000000009fbff] usable
[    0.000000] BIOS-e820: [mem 0x000000000009fc00-0x000000000009ffff] reserved
[    0.000000] BIOS-e820: [mem 0x00000000000f0000-0x00000000000fffff] reserved
[    0.000000] BIOS-e820: [mem 0x0000000000100000-0x000000001ffeffff] usable
[    0.000000] BIOS-e820: [mem 0x000000001fff0000-0x000000001fffffff] ACPI data
[    0.000000] BIOS-e820: [mem 0x00000000fec00000-0x00000000fec00fff] reserved
[    0.000000] BIOS-e820: [mem 0x00000000fee00000-0x00000000fee00fff] reserved
[    0.000000] BIOS-e820: [mem 0x00000000fffc0000-0x00000000ffffffff] reserved
[    0.000000] NX (Execute Disable) protection: active
[    0.000000] SMBIOS 2.5 present.
[    0.000000] Hypervisor detected: KVM
[    0.000000] e820: last_pfn = 0x1fff0 max_arch_pfn = 0x400000000
[    0.000000] MTRR: Disabled
[    0.000000] x86/PAT: MTRRs disabled, skipping PAT initialization too.
[    0.000000] CPU MTRRs all blank - virtualized system.
[    0.000000] x86/PAT: Configuration [0-7]: WB  WT  UC- UC  WB  WT  UC- UC  
[    0.000000] found SMP MP-table at [mem 0x0009fff0-0x0009ffff] mapped at [ffff88000009fff0]
[    0.000000] Scanning 1 areas for low memory corruption
[    0.000000] RAMDISK: [mem 0x1e8b4000-0x1f739fff]
[    0.000000] ACPI: Early table checksum verification disabled
[    0.000000] ACPI: RSDP 0x00000000000E0000 000024 (v02 VBOX  )
[    0.000000] ACPI: XSDT 0x000000001FFF0030 00003C (v01 VBOX   VBOXXSDT 00000001 ASL  00000061)
[    0.000000] ACPI: FACP 0x000000001FFF00F0 0000F4 (v04 VBOX   VBOXFACP 00000001 ASL  00000061)
[    0.000000] ACPI: DSDT 0x000000001FFF0470 002325 (v02 VBOX   VBOXBIOS 00000002 INTL 20100528)
[    0.000000] ACPI: FACS 0x000000001FFF0200 000040
[    0.000000] ACPI: FACS 0x000000001FFF0200 000040
[    0.000000] ACPI: APIC 0x000000001FFF0240 00005C (v02 VBOX   VBOXAPIC 00000001 ASL  00000061)
[    0.000000] ACPI: SSDT 0x000000001FFF02A0 0001CC (v01 VBOX   VBOXCPUT 00000002 INTL 20100528)
[    0.000000] No NUMA configuration found
[    0.000000] Faking a node at [mem 0x0000000000000000-0x000000001ffeffff]
[    0.000000] NODE_DATA(0) allocated [mem 0x1ffeb000-0x1ffeffff]
[    0.000000] kvm-clock: Using msrs 4b564d01 and 4b564d00
[    0.000000] kvm-clock: cpu 0, msr 0:1ffe3001, primary cpu clock
[    0.000000] kvm-clock: using sched offset of 4325377069 cycles
[    0.000000] clocksource: kvm-clock: mask: 0xffffffffffffffff max_cycles: 0x1cd42e4dffb, max_idle_ns: 881590591483 ns
[    0.000000] Zone ranges:
[    0.000000]   DMA      [mem 0x0000000000001000-0x0000000000ffffff]
[    0.000000]   DMA32    [mem 0x0000000001000000-0x000000001ffeffff]
[    0.000000]   Normal   empty
[    0.000000]   Device   empty
[    0.000000] Movable zone start for each node
[    0.000000] Early memory node ranges
[    0.000000]   node   0: [mem 0x0000000000001000-0x000000000009efff]
[    0.000000]   node   0: [mem 0x0000000000100000-0x000000001ffeffff]
[    0.000000] Initmem setup node 0 [mem 0x0000000000001000-0x000000001ffeffff]
[    0.000000] ACPI: PM-Timer IO Port: 0x4008
[    0.000000] IOAPIC[0]: apic_id 2, version 32, address 0xfec00000, GSI 0-23
[    0.000000] ACPI: INT_SRC_OVR (bus 0 bus_irq 0 global_irq 2 dfl dfl)
[    0.000000] ACPI: INT_SRC_OVR (bus 0 bus_irq 9 global_irq 9 low level)
[    0.000000] Using ACPI (MADT) for SMP configuration information
[    0.000000] smpboot: Allowing 2 CPUs, 0 hotplug CPUs
[    0.000000] PM: Registered nosave memory: [mem 0x00000000-0x00000fff]
[    0.000000] PM: Registered nosave memory: [mem 0x0009f000-0x0009ffff]
[    0.000000] PM: Registered nosave memory: [mem 0x000a0000-0x000effff]
[    0.000000] PM: Registered nosave memory: [mem 0x000f0000-0x000fffff]
[    0.000000] e820: [mem 0x20000000-0xfebfffff] available for PCI devices
[    0.000000] Booting paravirtualized kernel on KVM
[    0.000000] clocksource: refined-jiffies: mask: 0xffffffff max_cycles: 0xffffffff, max_idle_ns: 7645519600211568 ns
[    0.000000] setup_percpu: NR_CPUS:512 nr_cpumask_bits:512 nr_cpu_ids:2 nr_node_ids:1
[    0.000000] PERCPU: Embedded 33 pages/cpu @ffff88001fc00000 s95448 r8192 d31528 u1048576
[    0.000000] Built 1 zonelists in Node order, mobility grouping on.  Total pages: 128888
[    0.000000] Policy zone: DMA32
[    0.000000] Kernel command line: BOOT_IMAGE=/boot/vmlinuz-4.4.0-173-generic root=LABEL=cloudimg-rootfs ro console=tty1 console=ttyS0
[    0.000000] PID hash table entries: 2048 (order: 2, 16384 bytes)
[    0.000000] Memory: 481600K/523832K available (8626K kernel code, 1336K rwdata, 4032K rodata, 1488K init, 1292K bss, 42232K reserved, 0K cma-reserved)
[    0.000000] SLUB: HWalign=64, Order=0-3, MinObjects=0, CPUs=2, Nodes=1
[    0.000000] Kernel/User page tables isolation: enabled
[    0.000000] Hierarchical RCU implementation.
[    0.000000] 	Build-time adjustment of leaf fanout to 64.
[    0.000000] 	RCU restricting CPUs from NR_CPUS=512 to nr_cpu_ids=2.
[    0.000000] RCU: Adjusting geometry for rcu_fanout_leaf=64, nr_cpu_ids=2
[    0.000000] NR_IRQS:33024 nr_irqs:440 16
[    0.000000] Console: colour VGA+ 80x25
[    0.000000] console [tty1] enabled
[    0.000000] console [ttyS0] enabled
[    0.000000] tsc: Detected 2496.000 MHz processor
[    0.336463] Calibrating delay loop (skipped) preset value.. 4992.00 BogoMIPS (lpj=9984000)
[    0.341404] pid_max: default: 32768 minimum: 301
[    0.343870] ACPI: Core revision 20150930
[    0.348794] ACPI: 2 ACPI AML tables successfully acquired and loaded
[    0.352306] Security Framework initialized
[    0.354520] Yama: becoming mindful.
[    0.356983] AppArmor: AppArmor initialized
[    0.359044] Dentry cache hash table entries: 65536 (order: 7, 524288 bytes)
[    0.362380] Inode-cache hash table entries: 32768 (order: 6, 262144 bytes)
[    0.365453] Mount-cache hash table entries: 1024 (order: 1, 8192 bytes)
[    0.368846] Mountpoint-cache hash table entries: 1024 (order: 1, 8192 bytes)
[    0.372617] Initializing cgroup subsys io
[    0.374773] Initializing cgroup subsys memory
[    0.376605] Initializing cgroup subsys devices
[    0.378365] Initializing cgroup subsys freezer
[    0.380538] Initializing cgroup subsys net_cls
[    0.382314] Initializing cgroup subsys perf_event
[    0.384263] Initializing cgroup subsys net_prio
[    0.386192] Initializing cgroup subsys hugetlb
[    0.389444] Initializing cgroup subsys pids
[    0.392727] mce: CPU supports 0 MCE banks
[    0.394824] Last level iTLB entries: 4KB 64, 2MB 8, 4MB 8
[    0.397996] Last level dTLB entries: 4KB 64, 2MB 0, 4MB 0, 1GB 4
[    0.401010] Spectre V1 : Mitigation: usercopy/swapgs barriers and __user pointer sanitization
[    0.406288] Spectre V2 : Mitigation: Full generic retpoline
[    0.408852] Spectre V2 : Spectre v2 / SpectreRSB mitigation: Filling RSB on context switch
[    0.413628] Speculative Store Bypass: Vulnerable
[    0.416347] MDS: Vulnerable: Clear CPU buffers attempted, no microcode
[    0.426044] Freeing SMP alternatives memory: 36K
[    0.440823] ftrace: allocating 32304 entries in 127 pages
[    0.557764] smpboot: APIC(0) Converting physical 0 to logical package 0
[    0.560791] smpboot: Max logical packages: 1
[    0.563480] x2apic enabled
[    0.565683] Switched APIC routing to physical x2apic.
[    0.570547] ..TIMER: vector=0x30 apic1=0 pin1=2 apic2=-1 pin2=-1
[    0.681540] smpboot: CPU0: Intel(R) Core(TM) i5-6300U CPU @ 2.40GHz (family: 0x6, model: 0x4e, stepping: 0x3)
[    0.686032] Performance Events: unsupported p6 CPU model 78 no PMU driver, software events only.
[    0.711871] KVM setup paravirtual spinlock
[    0.714785] x86: Booting SMP configuration:
[    0.716667] .... node  #0, CPUs:      #1
[    0.718979] kvm-clock: cpu 1, msr 0:1ffe3041, secondary cpu clock
[    0.722227] mce: CPU supports 0 MCE banks
[    0.725306] x86: Booted up 1 node, 2 CPUs
[    0.727778] smpboot: Total of 2 processors activated (9984.00 BogoMIPS)
[    0.734896] devtmpfs: initialized
[    0.739260] evm: security.selinux
[    0.741035] evm: security.SMACK64
[    0.742753] evm: security.SMACK64EXEC
[    0.744428] evm: security.SMACK64TRANSMUTE
[    0.746664] evm: security.SMACK64MMAP
[    0.748298] evm: security.ima
[    0.749828] evm: security.capability
[    0.751754] clocksource: jiffies: mask: 0xffffffff max_cycles: 0xffffffff, max_idle_ns: 7645041785100000 ns
[    0.756330] futex hash table entries: 512 (order: 3, 32768 bytes)
[    0.759132] pinctrl core: initialized pinctrl subsystem
[    0.761470] RTC time: 12:38:51, date: 03/26/20
[    0.763733] NET: Registered protocol family 16
[    0.775101] cpuidle: using governor ladder
[    0.787919] cpuidle: using governor menu
[    0.790237] PCCT header not found.
[    0.792175] ACPI: bus type PCI registered
[    0.794275] acpiphp: ACPI Hot Plug PCI Controller Driver version: 0.5
[    0.798550] PCI: Using configuration type 1 for base access
[    0.821881] ACPI: Added _OSI(Module Device)
[    0.823748] ACPI: Added _OSI(Processor Device)
[    0.825663] ACPI: Added _OSI(3.0 _SCP Extensions)
[    0.828160] ACPI: Added _OSI(Processor Aggregator Device)
[    0.831786] ACPI: Executed 1 blocks of module-level executable AML code
[    0.838538] ACPI: Interpreter enabled
[    0.840172] ACPI: (supports S0 S5)
[    0.841844] ACPI: Using IOAPIC for interrupt routing
[    0.846371] PCI: Using host bridge windows from ACPI; if necessary, use "pci=nocrs" and report a bug
[    0.858138] ACPI: PCI Root Bridge [PCI0] (domain 0000 [bus 00-ff])
[    0.860438] acpi PNP0A03:00: _OSC: OS supports [ASPM ClockPM Segments MSI]
[    0.863608] acpi PNP0A03:00: _OSC: not requesting OS control; OS requires [ExtendedConfig ASPM ClockPM MSI]
[    0.867690] acpi PNP0A03:00: fail to add MMCONFIG information, can't access extended PCI configuration space under this bridge.
[    0.873115] PCI host bridge to bus 0000:00
[    0.874883] pci_bus 0000:00: root bus resource [io  0x0000-0x0cf7 window]
[    0.877354] pci_bus 0000:00: root bus resource [io  0x0d00-0xffff window]
[    0.881609] pci_bus 0000:00: root bus resource [mem 0x000a0000-0x000bffff window]
[    0.884681] pci_bus 0000:00: root bus resource [mem 0x20000000-0xfdffffff window]
[    0.887970] pci_bus 0000:00: root bus resource [bus 00-ff]
[    0.893614] pci 0000:00:01.1: legacy IDE quirk: reg 0x10: [io  0x01f0-0x01f7]
[    0.897063] pci 0000:00:01.1: legacy IDE quirk: reg 0x14: [io  0x03f6]
[    0.900059] pci 0000:00:01.1: legacy IDE quirk: reg 0x18: [io  0x0170-0x0177]
[    0.903586] pci 0000:00:01.1: legacy IDE quirk: reg 0x1c: [io  0x0376]
[    0.948124] pci 0000:00:07.0: quirk: [io  0x4000-0x403f] claimed by PIIX4 ACPI
[    0.951826] pci 0000:00:07.0: quirk: [io  0x4100-0x410f] claimed by PIIX4 SMB
[    0.960766] ACPI: PCI Interrupt Link [LNKA] (IRQs 5 9 10 *11)
[    0.964213] ACPI: PCI Interrupt Link [LNKB] (IRQs 5 9 *10 11)
[    0.967598] ACPI: PCI Interrupt Link [LNKC] (IRQs 5 *9 10 11)
[    0.970878] ACPI: PCI Interrupt Link [LNKD] (IRQs 5 9 10 *11)
[    0.974085] ACPI: Enabled 2 GPEs in block 00 to 07
[    0.976889] vgaarb: setting as boot device: PCI:0000:00:02.0
[    0.979194] vgaarb: device added: PCI:0000:00:02.0,decodes=io+mem,owns=io+mem,locks=none
[    0.983003] vgaarb: loaded
[    0.984305] vgaarb: bridge control possible 0000:00:02.0
[    0.986697] SCSI subsystem initialized
[    0.988531] ACPI: bus type USB registered
[    0.990572] usbcore: registered new interface driver usbfs
[    0.993069] usbcore: registered new interface driver hub
[    0.995331] usbcore: registered new device driver usb
[    0.997745] PCI: Using ACPI for IRQ routing
[    1.000276] NetLabel: Initializing
[    1.001953] NetLabel:  domain hash size = 128
[    1.003796] NetLabel:  protocols = UNLABELED CIPSOv4
[    1.006111] NetLabel:  unlabeled traffic allowed by default
[    1.008662] amd_nb: Cannot enumerate AMD northbridges
[    1.011454] clocksource: Switched to clocksource kvm-clock
[    1.027607] AppArmor: AppArmor Filesystem Enabled
[    1.029632] pnp: PnP ACPI init
[    1.033451] pnp: PnP ACPI: found 3 devices
[    1.047109] clocksource: acpi_pm: mask: 0xffffff max_cycles: 0xffffff, max_idle_ns: 2085701024 ns
[    1.051614] NET: Registered protocol family 2
[    1.053593] TCP established hash table entries: 4096 (order: 3, 32768 bytes)
[    1.056237] TCP bind hash table entries: 4096 (order: 4, 65536 bytes)
[    1.058763] TCP: Hash tables configured (established 4096 bind 4096)
[    1.062242] UDP hash table entries: 256 (order: 1, 8192 bytes)
[    1.065555] UDP-Lite hash table entries: 256 (order: 1, 8192 bytes)
[    1.067958] NET: Registered protocol family 1
[    1.070231] pci 0000:00:00.0: Limiting direct PCI/PCI transfers
[    1.073438] pci 0000:00:01.0: Activating ISA DMA hang workarounds
[    1.081794] Unpacking initramfs...
[    1.552909] Freeing initrd memory: 14872K
[    1.555689] clocksource: tsc: mask: 0xffffffffffffffff max_cycles: 0x23fa772cf26, max_idle_ns: 440795269835 ns
[    1.559676] platform rtc_cmos: registered platform RTC device (no PNP device found)
[    1.562939] Scanning for low memory corruption every 60 seconds
[    1.567364] audit: initializing netlink subsys (disabled)
[    1.569474] audit: type=2000 audit(1585226337.568:1): initialized
[    1.572053] Initialise system trusted keyring
[    1.574084] HugeTLB registered 2 MB page size, pre-allocated 0 pages
[    1.578625] zbud: loaded
[    1.581421] VFS: Disk quotas dquot_6.6.0
[    1.583198] VFS: Dquot-cache hash table entries: 512 (order 0, 4096 bytes)
[    1.587452] squashfs: version 4.0 (2009/01/31) Phillip Lougher
[    1.591558] fuse init (API version 7.23)
[    1.593526] Key type big_key registered
[    1.595270] Allocating IMA MOK and blacklist keyrings.
[    1.600478] Key type asymmetric registered
[    1.605306] Asymmetric key parser 'x509' registered
[    1.607351] Block layer SCSI generic (bsg) driver version 0.4 loaded (major 249)
[    1.610585] io scheduler noop registered
[    1.612173] io scheduler deadline registered (default)
[    1.614632] io scheduler cfq registered
[    1.616711] pci_hotplug: PCI Hot Plug PCI Core version: 0.5
[    1.620119] pciehp: PCI Express Hot Plug Controller Driver version: 0.4
[    1.623147] ACPI: AC Adapter [AC] (on-line)
[    1.625360] input: Power Button as /devices/LNXSYSTM:00/LNXPWRBN:00/input/input0
[    1.629616] ACPI: Power Button [PWRF]
[    1.631313] input: Sleep Button as /devices/LNXSYSTM:00/LNXSLPBN:00/input/input1
[    1.634471] ACPI: Sleep Button [SLPF]
[    1.636752] GHES: HEST is not enabled!
[    1.637836] ACPI: Battery Slot [BAT0] (battery present)
[    1.641891] Serial: 8250/16550 driver, 32 ports, IRQ sharing enabled
[    1.667925] 00:02: ttyS0 at I/O 0x3f8 (irq = 4, base_baud = 115200) is a 16550A
[    1.673125] Linux agpgart interface v0.103
[    1.677625] loop: module loaded
[    1.680098] scsi host0: ata_piix
[    1.682071] scsi host1: ata_piix
[    1.683876] ata1: PATA max UDMA/33 cmd 0x1f0 ctl 0x3f6 bmdma 0xd000 irq 14
[    1.686389] ata2: PATA max UDMA/33 cmd 0x170 ctl 0x376 bmdma 0xd008 irq 15
[    1.688998] libphy: Fixed MDIO Bus: probed
[    1.690760] tun: Universal TUN/TAP device driver, 1.6
[    1.693471] tun: (C) 1999-2004 Max Krasnyansky <maxk@qualcomm.com>
[    1.696264] PPP generic driver version 2.4.2
[    1.698228] ehci_hcd: USB 2.0 'Enhanced' Host Controller (EHCI) Driver
[    1.701316] ehci-pci: EHCI PCI platform driver
[    1.707029] ehci-platform: EHCI generic platform driver
[    1.709004] ohci_hcd: USB 1.1 'Open' Host Controller (OHCI) Driver
[    1.711650] ohci-pci: OHCI PCI platform driver
[    1.713581] ohci-platform: OHCI generic platform driver
[    1.717463] uhci_hcd: USB Universal Host Controller Interface driver
[    1.719948] i8042: PNP: PS/2 Controller [PNP0303:PS2K,PNP0f03:PS2M] at 0x60,0x64 irq 1,12
[    1.724210] serio: i8042 KBD port at 0x60,0x64 irq 1
[    1.726220] serio: i8042 AUX port at 0x60,0x64 irq 12
[    1.728888] mousedev: PS/2 mouse device common for all mice
[    1.732577] input: AT Translated Set 2 keyboard as /devices/platform/i8042/serio0/input/input2
[    1.736316] rtc_cmos rtc_cmos: rtc core: registered rtc_cmos as rtc0
[    1.738961] rtc_cmos rtc_cmos: alarms up to one day, 114 bytes nvram
[    1.741446] i2c /dev entries driver
[    1.743085] device-mapper: uevent: version 1.0.3
[    1.745228] device-mapper: ioctl: 4.34.0-ioctl (2015-10-28) initialised: dm-devel@redhat.com
[    1.748969] ledtrig-cpu: registered to indicate activity on CPUs
[    1.752327] NET: Registered protocol family 10
[    1.754412] NET: Registered protocol family 17
[    1.757753] Key type dns_resolver registered
[    1.760058] registered taskstats version 1
[    1.762108] Loading compiled-in X.509 certificates
[    1.765562] Loaded X.509 cert 'Build time autogenerated kernel key: 4e6a82653c7e3a258f066f23f1954299de63b157'
[    1.770288] zswap: loaded using pool lzo/zbud
[    1.774931] Key type trusted registered
[    1.781608] Key type encrypted registered
[    1.783603] AppArmor: AppArmor sha1 policy hashing enabled
[    1.788005] ima: No TPM chip found, activating TPM-bypass!
[    1.791582] ima: Allocated hash algorithm: sha1
[    1.793490] evm: HMAC attrs: 0x1
[    1.795991]   Magic number: 12:787:633
[    1.798082] rtc_cmos rtc_cmos: setting system clock to 2020-03-26 12:38:52 UTC (1585226332)
[    1.812822] BIOS EDD facility v0.16 2004-Jun-25, 0 devices found
[    1.815369] EDD information not available.
[    1.873638] Freeing unused kernel memory: 1488K
[    1.875525] Write protecting the kernel read-only data: 14336k
[    1.878454] Freeing unused kernel memory: 1604K
[    1.880732] Freeing unused kernel memory: 64K
Loading, please wait...
starting version 229
[    1.911399] random: udevadm: uninitialized urandom read (16 bytes read, 5 bits of entropy available)
[    1.911950] random: systemd-udevd: uninitialized urandom read (16 bytes read, 5 bits of entropy available)
[    1.912051] random: systemd-udevd: uninitialized urandom read (16 bytes read, 5 bits of entropy available)
[    1.912095] random: systemd-udevd: uninitialized urandom read (16 bytes read, 5 bits of entropy available)
[    1.912124] random: systemd-udevd: uninitialized urandom read (16 bytes read, 5 bits of entropy available)
[    1.933903] random: udevadm: uninitialized urandom read (16 bytes read, 5 bits of entropy available)
[    1.947692] random: systemd-udevd: uninitialized urandom read (16 bytes read, 5 bits of entropy available)
[    1.953800] random: systemd-udevd: uninitialized urandom read (16 bytes read, 5 bits of entropy available)
[    1.954316] random: udevadm: uninitialized urandom read (16 bytes read, 5 bits of entropy available)
[    1.954374] random: udevadm: uninitialized urandom read (16 bytes read, 5 bits of entropy available)
[    2.045553] e1000: Intel(R) PRO/1000 Network Driver - version 7.3.21-k8-NAPI
[    2.053497] e1000: Copyright (c) 1999-2006 Intel Corporation.
[    2.056217] Fusion MPT base driver 3.04.20
[    2.058537] Copyright (c) 1999-2008 LSI Corporation
[    2.073617] Fusion MPT SPI Host driver 3.04.20
[    2.126960] AVX2 version of gcm_enc/dec engaged.
[    2.129222] AES CTR mode by8 optimization enabled
[    2.285687] input: ImExPS/2 Generic Explorer Mouse as /devices/platform/i8042/serio1/input/input4
[    2.585584] e1000 0000:00:03.0 eth0: (PCI:33MHz:32-bit) 02:0e:0c:9a:00:f0
[    2.590155] e1000 0000:00:03.0 eth0: Intel(R) PRO/1000 Network Connection
[    2.598048] e1000 0000:00:03.0 enp0s3: renamed from eth0
[    2.600499] mptbase: ioc0: Initiating bringup
[    2.664064] ioc0: LSI53C1030 A0: Capabilities={Initiator}
[    2.825974] scsi host2: ioc0: LSI53C1030 A0, FwRev=00000000h, Ports=1, MaxQ=256, IRQ=20
[    2.940313] scsi 2:0:0:0: Direct-Access     VBOX     HARDDISK         1.0  PQ: 0 ANSI: 5
[    2.944452] scsi target2:0:0: Beginning Domain Validation
[    2.948691] scsi target2:0:0: Domain Validation skipping write tests
[    2.951489] scsi target2:0:0: Ending Domain Validation
[    2.953741] scsi target2:0:0: asynchronous
[    2.956465] scsi 2:0:1:0: Direct-Access     VBOX     HARDDISK         1.0  PQ: 0 ANSI: 5
[    2.959776] scsi target2:0:1: Beginning Domain Validation
[    2.964371] scsi target2:0:1: Domain Validation skipping write tests
[    2.967245] scsi target2:0:1: Ending Domain Validation
[    2.969911] scsi target2:0:1: asynchronous
[    3.002323] sd 2:0:0:0: Attached scsi generic sg0 type 0
[    3.002860] sd 2:0:0:0: [sda] 20971520 512-byte logical blocks: (10.7 GB/10.0 GiB)
[    3.003113] sd 2:0:0:0: [sda] Write Protect is off
[    3.003284] sd 2:0:0:0: [sda] Incomplete mode parameter data
[    3.003286] sd 2:0:0:0: [sda] Assuming drive cache: write through
[    3.008897]  sda: sda1
[    3.010021] sd 2:0:0:0: [sda] Attached SCSI disk
[    3.019371] sd 2:0:1:0: Attached scsi generic sg1 type 0
[    3.019682] sd 2:0:1:0: [sdb] 20480 512-byte logical blocks: (10.5 MB/10.0 MiB)
[    3.019973] sd 2:0:1:0: [sdb] Write Protect is off
[    3.020145] sd 2:0:1:0: [sdb] Incomplete mode parameter data
[    3.020147] sd 2:0:1:0: [sdb] Assuming drive cache: write through
[    3.023631] sd 2:0:1:0: [sdb] Attached SCSI disk
Begin: Loading essential drivers ... [    4.832834] md: linear personality registered for level -1
[    4.843718] md: multipath personality registered for level -4
[    4.850400] md: raid0 personality registered for level 0
[    4.858502] md: raid1 personality registered for level 1
[    4.935767] raid6: sse2x1   gen()  4604 MB/s
[    5.012117] raid6: sse2x1   xor()  3398 MB/s
[    5.080203] raid6: sse2x2   gen()  5636 MB/s
[    5.147546] raid6: sse2x2   xor()  3953 MB/s
[    5.215904] raid6: sse2x4   gen()  6595 MB/s
[    5.284201] raid6: sse2x4   xor()  4684 MB/s
[    5.351676] raid6: avx2x1   gen() 10633 MB/s
[    5.419515] raid6: avx2x2   gen() 12237 MB/s
[    5.488665] raid6: avx2x4   gen() 13040 MB/s
[    5.491747] raid6: using algorithm avx2x4 gen() 13040 MB/s
[    5.495094] raid6: using avx2x2 recovery algorithm
[    5.501677] xor: automatically using best checksumming function:
[    5.543827]    avx       : 12606.000 MB/sec
[    5.547697] async_tx: api initialized (async)
[    5.566667] md: raid6 personality registered for level 6
[    5.569232] md: raid5 personality registered for level 5
[    5.571368] md: raid4 personality registered for level 4
[    5.584388] md: raid10 personality registered for level 10
done.
Begin: Running /scripts/init-premount ... done.
Begin: Mounting root file system ... Begin: Running /scripts/local-top ... done.
Begin: Running /scripts/local-premount ... [    5.646521] Btrfs loaded
Scanning for Btrfs filesystems
done.
Warning: fsck not present, so skipping root file system
[    5.690199] EXT4-fs (sda1): INFO: recovery required on readonly filesystem
[    5.693113] EXT4-fs (sda1): write access will be enabled during recovery
[    5.801780] EXT4-fs (sda1): recovery complete
[    5.803940] EXT4-fs (sda1): mounted filesystem with ordered data mode. Opts: (null)
done.
Begin: Running /scripts/local-bottom ... done.
Begin: Running /scripts/init-bottom ... done.
[    5.977272] systemd[1]: systemd 229 running in system mode. (+PAM +AUDIT +SELINUX +IMA +APPARMOR +SMACK +SYSVINIT +UTMP +LIBCRYPTSETUP +GCRYPT +GNUTLS +ACL +XZ -LZ4 +SECCOMP +BLKID +ELFUTILS +KMOD -IDN)
[    5.983956] systemd[1]: Detected virtualization oracle.
[    5.985985] systemd[1]: Detected architecture x86-64.

Welcome to [1mUbuntu 16.04.6 LTS[0m!

[    5.993917] systemd[1]: Set hostname to <lxwsrv01>.
[    6.272456] systemd[1]: Listening on udev Control Socket.
[[0;32m  OK  [0m] Listening on udev Control Socket.
[    6.279094] systemd[1]: Reached target Swap.
[[0;32m  OK  [0m] Reached target Swap.
[    6.300716] systemd[1]: Set up automount Arbitrary Executable File Formats File System Automount Point.
[[0;32m  OK  [0m] Set up automount Arbitrary Executab...ats File System Automount Point.
[    6.307439] systemd[1]: Created slice User and Session Slice.
[[0;32m  OK  [0m] Created slice User and Session Slice.
[    6.311955] systemd[1]: Reached target Encrypted Volumes.
[[0;32m  OK  [0m] Reached target Encrypted Volumes.
[    6.316146] systemd[1]: Listening on /dev/initctl Compatibility Named Pipe.
[[0;32m  OK  [0m] Listening on /dev/initctl Compatibility Named Pipe.
[    6.321888] systemd[1]: Listening on Device-mapper event daemon FIFOs.
[[0;32m  OK  [0m] Listening on Device-mapper event daemon FIFOs.
[    6.326642] systemd[1]: Reached target User and Group Name Lookups.
[[0;32m  OK  [0m] Reached target User and Group Name Lookups.
[    6.339892] systemd[1]: Listening on Syslog Socket.
[[0;32m  OK  [0m] Listening on Syslog Socket.
[    6.344010] systemd[1]: Started Trigger resolvconf update for networkd DNS.
[[0;32m  OK  [0m] Started Trigger resolvconf update for networkd DNS.
[    6.348869] systemd[1]: Created slice System Slice.
[[0;32m  OK  [0m] Created slice System Slice.
[    6.353100] systemd[1]: Created slice system-serial\x2dgetty.slice.
[[0;32m  OK  [0m] Created slice system-serial\x2dgetty.slice.
[    6.357672] systemd[1]: Listening on LVM2 poll daemon socket.
[[0;32m  OK  [0m] Listening on LVM2 poll daemon socket.
[    6.361848] systemd[1]: Reached target Slices.
[[0;32m  OK  [0m] Reached target Slices.
[    6.365301] systemd[1]: Started Forward Password Requests to Wall Directory Watch.
[[0;32m  OK  [0m] Started Forward Password Requests to Wall Directory Watch.
[    6.370527] systemd[1]: Listening on udev Kernel Socket.
[[0;32m  OK  [0m] Listening on udev Kernel Socket.
[    6.375077] systemd[1]: Listening on Journal Socket.
[[0;32m  OK  [0m] Listening on Journal Socket.
[    6.392176] systemd[1]: Starting Uncomplicated firewall...
         Starting Uncomplicated firewall...
[    6.397183] systemd[1]: Mounting POSIX Message Queue File System...
         Mounting POSIX Message Queue File System...
[    6.410839] systemd[1]: Starting Load Kernel Modules...
         Starting Load Kernel Modules...
[    6.422612] systemd[1]: Mounting Debug File System...
         Mounting Debug File System...
[    6.428427] systemd[1]: Starting Create list of required static device nodes for the current kernel...
         Starting Create list of required st... nodes for the current kernel...
[    6.449391] Loading iSCSI transport class v2.0-870.
[    6.454968] systemd[1]: Starting Set console keymap...
         Starting Set console keymap...
[    6.464278] systemd[1]: Mounting Huge Pages File System...
         Mounting Huge Pages File System...
[    6.474440] systemd[1]: Listening on LVM2 metadata daemon socket.
[[0;32m  OK  [0m] Listening on LVM2 metadata daemon socket.
[    6.479477] random: nonblocking pool is initialized
[    6.481880] systemd[1]: Starting Monitoring of LVM2 mirrors, snapshots etc. using dmeventd or progress polling...
[    6.512335] ip_tables: (C) 2000-2006 Netfilter Core Team
[    6.515191] iscsi: registered transport (tcp)
         Starting Monitoring of LVM2 mirrors... dmeventd or progress polling...
[    6.521486] systemd[1]: Starting Nameserver information manager...
         Starting Nameserver information manager...
[    6.530553] systemd[1]: Listening on Journal Audit Socket.
[[0;32m  OK  [0m] Listening on Journal Audit Socket.
[    6.547152] systemd[1]: Listening on Journal Socket (/dev/log).
[[0;32m  OK  [0m] Listening on Journal Socket (/dev/log).
[    6.565267] nf_conntrack version 0.5.0 (3903 buckets, 15612 max)
[    6.571825] systemd[1]: Starting Journal Service...
         Starting Journal Service...
[    6.577160] systemd[1]: Starting Remount Root and Kernel File Systems...
         Starting Remount Root and Kernel File Systems...
[    6.586285] EXT4-fs (sda1): re-mounted. Opts: (null)
[    6.588980] systemd[1]: Reached target System Time Synchronized.
[[0;32m  OK  [0m] Reached target System Time Synchronized.
[    6.632575] systemd[1]: Mounted Debug File System.
[[0;32m  OK  [0m] Mounted Debug File System.
[    6.640395] systemd[1]: Mounted Huge Pages File System.
[[0;32m  OK  [0m] Mounted Huge Pages File System.
[    6.647060] systemd[1]: Mounted POSIX Message Queue File System.
[[0;32m  OK  [0m] Mounted POSIX Message Queue File System.
[    6.652574] systemd[1]: Started Create list of required static device nodes for the current kernel.
[[0;32m  OK  [0m] Started Create list of required sta...ce nodes for the current kernel.
[    6.736517] systemd[1]: Started Remount Root and Kernel File Systems.
[[0;32m  OK  [0m] Started Remount Root and Kernel File Systems.
[    6.745360] systemd[1]: Started Journal Service.
[[0;32m  OK  [0m] Started Journal Service.
[[0;32m  OK  [0m] Started Set console keymap.
[[0;32m  OK  [0m] Started Nameserver information manager.
[[0;32m  OK  [0m] Started LVM2 metadata daemon.
         Starting udev Coldplug all Devices...
         Starting Flush Journal to Persistent Storage...
         Starting Load/Save Random Seed...
[    6.843420] iscsi: registered transport (iser)
         Starting Create Static Device Nodes in /dev...
[    6.853402] ip6_tables: (C) 2000-2006 Netfilter Core Team
[[0;32m  OK  [0m] Started Load/Save Random Seed.
[[0;32m  OK  [0m] Started Load Kernel Modules.
[[0;32m  OK  [0m] Started Create Static Device Nodes in /dev.
         Starting udev Ke[    6.926112] systemd-journald[403]: Received request to flush runtime journal from PID 1
rnel Device Manager...
         Starting Apply Kernel Variables...
         Mounting FUSE Control File System...
[[0;32m  OK  [0m] Mounted FUSE Control File System.
[[0;32m  OK  [0m] Started Flush Journal to Persistent Storage.
[[0;32m  OK  [0m] Started Apply Kernel Variables.
[[0;32m  OK  [0m] Started udev Coldplug all Devices.
[[0;32m  OK  [0m] Started udev Kernel Device Manager.
[[0;32m  OK  [0m] Started Dispatch Password Requests to Console Directory Watch.
[[0;32m  OK  [0m] Started Uncomplicated firewall.
[[0;32m  OK  [0m] Started Monitoring of LVM2 mirrors,...ng dmeventd or progress polling.
[[0;32m  OK  [0m] Reached target Local File Systems (Pre).
[[0;32m  OK  [0m] Reached target Local File Systems.
         Starting Create Volatile Files and Directories...
         Starting Set console font and keymap...
         Starting LSB: AppArmor initialization...
         Starting Initial cloud-init job (pre-networking)...
         Starting Tell Plymouth To Write Out Runtime Data...
[[0;32m  OK  [0m] Started Create Volatile Files and Directories.
[[0;32m  OK  [0m] Started Tell Plymouth To Write Out Runtime Data.
         Starting Update UTMP about System Boot/Shutdown...
[[0;32m  OK  [0m] Found device /dev/ttyS0.
[[0;32m  OK  [0m] Started Update UTMP about System Boot/Shutdown.
[[0;32m  OK  [0m] Listening on Load/Save RF Kill Switch Status /dev/rfkill Watch.
[[0;32m  OK  [0m] Started LSB: AppArmor initialization.
[[0;32m  OK  [0m] Found device 82540EM Gigabit Ethern...r (PRO/1000 MT Desktop Adapter).
[    9.229898] cloud-init[564]: Cloud-init v. 19.4-33-gbb4131a2-0ubuntu1~16.04.1 running 'init-local' at Thu, 26 Mar 2020 12:38:59 +0000. Up 8.58 seconds.
[[0;32m  OK  [0m] Started Initial cloud-init job (pre-networking).
[[0;32m  OK  [0m] Reached target Network (Pre).
         Starting Raise network interfaces...
[[0;32m  OK  [0m] Started ifup for enp0s3.
[[0;32m  OK  [0m] Started Set console font and keymap.
[[0;32m  OK  [0m] Created slice system-getty.slice.
[[0;32m  OK  [0m] Started Raise network interfaces.
[[0;32m  OK  [0m] Reached target Network.
         Starting Initial cloud-init job (metadata service crawler)...
[   11.342716] cloud-init[1049]: Cloud-init v. 19.4-33-gbb4131a2-0ubuntu1~16.04.1 running 'init' at Thu, 26 Mar 2020 12:39:01 +0000. Up 10.73 seconds.
[   11.346894] cloud-init[1049]: ci-info: ++++++++++++++++++++++++++++++++++++Net device info++++++++++++++++++++++++++++++++++++
[   11.350551] cloud-init[1049]: ci-info: +--------+------+------------------------+---------------+--------+-------------------+
[   11.355640] cloud-init[1049]: ci-info: | Device |  Up  |        Address         |      Mask     | Scope  |     Hw-Address    |
[   11.359646] cloud-init[1049]: ci-info: +--------+------+------------------------+---------------+--------+-------------------+
[   11.365223] cloud-init[1049]: ci-info: | enp0s3 | True |       10.0.2.15        | 255.255.255.0 | global | 02:0e:0c:9a:00:f0 |
[   11.369386] cloud-init[1049]: ci-info: | enp0s3 | True | fe80::e:cff:fe9a:f0/64 |       .       |  link  | 02:0e:0c:9a:00:f0 |
[   11.373181] cloud-init[1049]: ci-info: |   lo   | True |       127.0.0.1        |   255.0.0.0   |  host  |         .         |
[   11.378037] cloud-init[1049]: ci-info: |   lo   | True |        ::1/128         |       .       |  host  |         .         |
[   11.382380] cloud-init[1049]: ci-info: +--------+------+------------------------+---------------+--------+-------------------+
[   11.385566] cloud-init[1049]: ci-info: +++++++++++++++++++++++++++Route IPv4 info++++++++++++++++++++++++++++
[   11.388189] cloud-init[1049]: ci-info: +-------+-------------+----------+---------------+-----------+-------+
[   11.390905] cloud-init[1049]: ci-info: | Route | Destination | Gateway  |    Genmask    | Interface | Flags |
[   11.395548] cloud-init[1049]: ci-info: +-------+-------------+----------+---------------+-----------+-------+
[   11.399012] cloud-init[1049]: ci-info: |   0   |   0.0.0.0   | 10.0.2.2 |    0.0.0.0    |   enp0s3  |   UG  |
[   11.402711] cloud-init[1049]: ci-info: |   1   |   10.0.2.0  | 0.0.0.0  | 255.255.255.0 |   enp0s3  |   U   |
[   11.407606] cloud-init[1049]: ci-info: +-------+-------------+----------+---------------+-----------+-------+
[   11.411180] cloud-init[1049]: ci-info: +++++++++++++++++++Route IPv6 info+++++++++++++++++++
[   11.414846] cloud-init[1049]: ci-info: +-------+-------------+---------+-----------+-------+
[   11.417238] cloud-init[1049]: ci-info: | Route | Destination | Gateway | Interface | Flags |
[   11.419727] cloud-init[1049]: ci-info: +-------+-------------+---------+-----------+-------+
[   11.422423] cloud-init[1049]: ci-info: |   0   |  fe80::/64  |    ::   |   enp0s3  |   U   |
[   11.424987] cloud-init[1049]: ci-info: |   3   |   ff00::/8  |    ::   |   enp0s3  |   U   |
[   11.429512] cloud-init[1049]: ci-info: +-------+-------------+---------+-----------+-------+
[[0;32m  OK  [0m] Started Initial cloud-init job (metadata service crawler).
[[0;32m  OK  [0m] Reached target Cloud-config availability.
[[0;32m  OK  [0m] Reached target System Initialization.
[[0;32m  OK  [0m] Listening on ACPID Listen Socket.
         Starting LXD - unix socket.
[[0;32m  OK  [0m] Started Daily Cleanup of Temporary Directories.
[[0;32m  OK  [0m] Started Message of the Day.
[[0;32m  OK  [0m] Started ACPI Events Check.
[[0;32m  OK  [0m] Reached target Paths.
[[0;32m  OK  [0m] Started Daily apt download activities.
[[0;32m  OK  [0m] Started Daily apt upgrade and clean activities.
[[0;32m  OK  [0m] Reached target Timers.
[[0;32m  OK  [0m] Listening on UUID daemon activation socket.
[[0;32m  OK  [0m] Listening on D-Bus System Message Bus Socket.
         Starting Socket activation for snappy daemon.
[[0;32m  OK  [0m] Reached target Network is Online.
         Starting iSCSI initiator daemon (iscsid)...
[[0;32m  OK  [0m] Listening on LXD - unix socket.
[[0;32m  OK  [0m] Listening on Socket activation for snappy daemon.
[[0;32m  OK  [0m] Reached target Sockets.
[[0;32m  OK  [0m] Reached target Basic System.
         Starting /etc/rc.local Compatibility...
         Starting OpenBSD Secure Shell server...
         Starting Virtualbox guest utils...
         Starting LSB: Record successful boot for GRUB...
[[0;32m  OK  [0m] Started FUSE filesystem for LXC.
[[0;32m  OK  [0m] Started D-Bus System Message Bus.
[[0;32m  OK  [0m] Started Deferred execution scheduler.
[[0;32m  OK  [0m] Started Regular background program processing daemon.
[[0;32m  OK  [0m] Started ACPI event daemon.
         Starting LXD - container startup/shutdown...
         Starting System Logging Service...
         Starting Snappy daemon...
         Starting LSB: MD monitoring daemon...
         Starting Message of the Day...
         Starting Login Service...
         Starting Accounts Service...
[[0;32m  OK  [0m] Started iSCSI initiator daemon (iscsid).
[[0;32m  OK  [0m] Started /etc/rc.local Compatibility.
[[0;32m  OK  [0m] Started System Logging Service.
         Starting Login to default iSCSI targets...
[[0;32m  OK  [0m] Started Login Service.
[[0;32m  OK  [0m] Started Unattended Upgrades Shutdown.
[[0;32m  OK  [0m] Started OpenBSD Secure Shell server.
[[0;32m  OK  [0m] Started LSB: Record successful boot for GRUB.
[[0;32m  OK  [0m] Started LSB: MD monitoring daemon.
         Starting Authenticate and Authorize Users to Run Privileged Tasks...
[[0;32m  OK  [0m] Started Login to default iSCSI targets.
[[0;32m  OK  [0m] Reached target Remote File Systems (Pre).
[[0;32m  OK  [0m] Reached target Remote File Systems.
         Starting LSB: daemon to balance interrupts for SMP systems...
         Starting Permit User Sessions...
         Starting LSB: automatic crash report generation...
         Starting LSB: Set the CPU Frequency Scaling governor to "ondemand"...
         Starting LSB: Apache2 web server...
[[0;32m  OK  [0m] Started Permit User Sessions.
         Starting Terminate Plymouth Boot Screen...
         Starting Hold until boot process finishes up...
[[0;32m  OK  [0m] Started Terminate Plymouth Boot Screen.
[[0;32m  OK  [0m] Started Hold until boot process finishes up.
[[0;32m  OK  [0m] Started Getty on tty1.
[[0;32m  OK  [0m] Started Serial Getty on ttyS0.
[[0;32m  OK  [0m] Reached target Login Prompts.
         Starting Set console scheme...
[[0;32m  OK  [0m] Started LSB: daemon to balance interrupts for SMP systems.
[[0;32m  OK  [0m] Started LSB: Set the CPU Frequency Scaling governor to "ondemand".
[[0;32m  OK  [0m] Started Authenticate and Authorize Users to Run Privileged Tasks.
[[0;32m  OK  [0m] Started Accounts Service.
[[0;32m  OK  [0m] Started Virtualbox guest utils.
[[0;32m  OK  [0m] Started Set console scheme.
[[0;32m  OK  [0m] Started LSB: automatic crash report generation.
[[0;32m  OK  [0m] Started LXD - container startup/shutdown.
[[0;32m  OK  [0m] Started Snappy daemon.
         Starting Wait until snapd is fully seeded...
[[0;32m  OK  [0m] Started Wait until snapd is fully seeded.
         Starting Apply the settings specified in cloud-config...
[[0;32m  OK  [0m] Started LSB: Apache2 web server.
[[0;32m  OK  [0m] Reached target Multi-User System.
[[0;32m  OK  [0m] Reached target Graphical Interface.
         Starting Update UTMP about System Runlevel Changes...
[[0;32m  OK  [0m] Started Update UTMP about System Runlevel Changes.
[[0;32m  OK  [0m] Started Message of the Day.
[   14.206736] cloud-init[1355]: Cloud-init v. 19.4-33-gbb4131a2-0ubuntu1~16.04.1 running 'modules:config' at Thu, 26 Mar 2020 12:39:05 +0000. Up 13.97 seconds.
[[0;32m  OK  [0m] Started Apply the settings specified in cloud-config.
         Starting Execute cloud user/final scripts...
[   15.388461] cloud-init[1433]: Cloud-init v. 19.4-33-gbb4131a2-0ubuntu1~16.04.1 running 'modules:final' at Thu, 26 Mar 2020 12:39:06 +0000. Up 15.12 seconds.
[   15.393526] cloud-init[1433]: Cloud-init v. 19.4-33-gbb4131a2-0ubuntu1~16.04.1 finished at Thu, 26 Mar 2020 12:39:06 +0000. Datasource DataSourceNoCloud [seed=/dev/sdb][dsmode=net].  Up 15.37 seconds
[[0;32m  OK  [0m] Started Execute cloud user/final scripts.
         Starting Daily apt download activities...
[[0;32m  OK  [0m] Reached target Cloud-init target.

Ubuntu 16.04.6 LTS lxwsrv01 ttyS0

lxwsrv01 login: [[0;32m  OK  [0m] Stopped target Graphical Interface.
[[0;32m  OK  [0m] Closed Load/Save RF Kill Switch Status /dev/rfkill Watch.
         Stopping User Manager for UID 1000...
[[0;32m  OK  [0m] Stopped target Timers.
[[0;32m  OK  [0m] Stopped Daily Cleanup of Temporary Directories.
[[0;32m  OK  [0m] Stopped Message of the Day.
[[0;32m  OK  [0m] Stopped Daily apt upgrade and clean activities.
[[0;32m  OK  [0m] Stopped Daily apt download activities.
         Stopping Authenticate and Authorize Users to Run Privileged Tasks...
         Stopping Accounts Service...
[[0;32m  OK  [0m] Stopped target Cloud-init target.
[[0;32m  OK  [0m] Stopped Execute cloud user/final scripts.
[[0;32m  OK  [0m] Stopped Apply the settings specified in cloud-config.
[[0;32m  OK  [0m] Stopped target Cloud-config availability.
[[0;32m  OK  [0m] Stopped target Multi-User System.
         Stopping D-Bus System Message Bus...
         Stopping LSB: MD monitoring daemon...
         Stopping LSB: daemon to balance interrupts for SMP systems...
         Stopping Unattended Upgrades Shutdown...
         Stopping OpenBSD Secure Shell server...
         Stopping LSB: Record successful boot for GRUB...
[[0;32m  OK  [0m] Stopped Wait until snapd is fully seeded.
         Stopping LXD - container startup/shutdown...
         Stopping Virtualbox guest utils...
         Stopping LSB: automatic crash report generation...
         Stopping LSB: Apache2 web server...
         Stopping ACPI event daemon...
[[0;32m  OK  [0m] Stopped target Login Prompts.
         Stopping Serial Getty on ttyS0...
         Stopping          Stopping Session 3 of user vagrant.
         Stopping Deferred execution scheduler...
         Stopping Regular background program processing daemon...
         Stopping FUSE filesystem for LXC...
         Stopping System Logging Service...
[[0;32m  OK  [0m] Stopped target System Time Synchronized.
         Stopping LSB: Set the CPU Frequency Scaling governor to "ondemand"...
[[0;32m  OK  [0m] Unmounted /var/lib/lxcfs.
[[0;32m  OK  [0m] Stopped Deferred execution scheduler.
[[0;32m  OK  [0m] Stopped Regular background program processing daemon.
[[0;32m  OK  [0m] Stopped ACPI event daemon.
[[0;32m  OK  [0m] Stopped System Logging Service.
[[0;32m  OK  [0m] Stopped Accounts Service.
[[0;32m  OK  [0m] Stopped OpenBSD Secure Shell server.
[[0;32m  OK  [0m] Stopped Authenticate and Authorize Users to Run Privileged Tasks.
[[0;32m  OK  [0m] Stopped Getty on tty1.
[[0;32m  OK  [0m] Stopped Unattended Upgrades Shutdown.
[[0;32m  OK  [0m] Stopped Serial Getty on ttyS0.
[[0;32m  OK  [0m] Stopped User Manager for UID 1000.
[[0;32m  OK  [0m] Stopped D-Bus System Message Bus.
[[0;32m  OK  [0m] Stopped FUSE filesystem for LXC.
[[0;32m  OK  [0m] Stopped Session 3 of user vagrant.
[[0;32m  OK  [0m] Stopped LXD - container startup/shutdown.
[[0;32m  OK  [0m] Stopped LSB: MD monitoring daemon.
[[0;32m  OK  [0m] Stopped LSB: daemon to balance interrupts for SMP systems.
[[0;32m  OK  [0m] Stopped LSB: Record successful boot for GRUB.
[[0;32m  OK  [0m] Stopped LSB: automatic crash report generation.
[[0;32m  OK  [0m] Stopped LSB: Set the CPU Frequency Scaling governor to "ondemand".
[[0;32m  OK  [0m] Removed slice User Slice of vagrant.
[[0;32m  OK  [0m] Removed slice system-serial\x2dgetty.slice.
         Stopping Login Service...
[[0;32m  OK  [0m] Stopped /etc/rc.local Compatibility.
[[0;32m  OK  [0m] Removed slice system-getty.slice.
         Stopping Permit User Sessions...
[[0;32m  OK  [0m] Stopped Virtualbox guest utils.
[[0;32m  OK  [0m] Stopped Permit User Sessions.
[[0;32m  OK  [0m] Stopped Login Service.
[[0;32m  OK  [0m] Stopped target User and Group Name Lookups.
[[0;32m  OK  [0m] Stopped LSB: Apache2 web server.
[[0;32m  OK  [0m] Stopped target Basic System.
[[0;32m  OK  [0m] Stopped target Sockets.
[[0;32m  OK  [0m] Closed Syslog Socket.
[[0;32m  OK  [0m] Closed UUID daemon activation socket.
[[0;32m  OK  [0m] Closed LXD - unix socket.
[[0;32m  OK  [0m] Closed D-Bus System Message Bus Socket.
[[0;32m  OK  [0m] Closed ACPID Listen Socket.
[[0;32m  OK  [0m] Closed Socket activation for snappy daemon.
[[0;32m  OK  [0m] Stopped target Slices.
[[0;32m  OK  [0m] Removed slice User and Session Slice.
[[0;32m  OK  [0m] Stopped target Paths.
[[0;32m  OK  [0m] Stopped Forward Password Requests to Wall Directory Watch.
[[0;32m  OK  [0m] Stopped Dispatch Password Requests to Console Directory Watch.
[[0;32m  OK  [0m] Stopped ACPI Events Check.
[[0;32m  OK  [0m] Stopped target System Initialization.
[[0;32m  OK  [0m] Stopped target Encrypted Volumes.
         Stopping Update UTMP about System Boot/Shutdown...
[[0;32m  OK  [0m] Stopped target Swap.
         Stopping Load/Save Random Seed...
[[0;32m  OK  [0m] Stopped target Remote File Systems.
[[0;32m  OK  [0m] Stopped target Remote File Systems (Pre).
         Stopping Login to default iSCSI targets...
[[0;32m  OK  [0m] Stopped Load/Save Random Seed.
[[0;32m  OK  [0m] Stopped Update UTMP about System Boot/Shutdown.
[[0;32m  OK  [0m] Stopped Create Volatile Files and Directories.
[[0;32m  OK  [0m] Stopped Login to default iSCSI targets.
         Stopping iSCSI initiator daemon (iscsid)...
[[0;32m  OK  [0m] Stopped iSCSI initiator daemon (iscsid).
[[0;32m  OK  [0m] Stopped target Network is Online.
[[0;32m  OK  [0m] Stopped target Network.
[[0;32m  OK  [0m] Stopped Initial cloud-init job (metadata service crawler).
         Stopping Raise network interfaces...
[[0;32m  OK  [0m] Stopped Raise network interfaces.
[[0;32m  OK  [0m] Stopped target Network (Pre).
[[0;32m  OK  [0m] Stopped Initial cloud-init job (pre-networking).
[[0;32m  OK  [0m] Stopped target Local File Systems.
         Unmounting /var/www/html...
         Unmounting /run/user/1000...
[[0;32m  OK  [0m] Stopped Apply Kernel Variables.
[[0;32m  OK  [0m] Stopped Load Kernel Modules.
[[0;32m  OK  [0m] Unmounted /var/www/html.
[[0;32m  OK  [0m] Unmounted /run/user/1000.
[[0;32m  OK  [0m] Reached target Unmount All Filesystems.
[[0;32m  OK  [0m] Stopped target Local File Systems (Pre).
[[0;32m  OK  [0m] Stopped Remount Root and Kernel File Systems.
         Stopping Monitoring of LVM2 mirrors... dmeventd or progress polling...
[[0;32m  OK  [0m] Stopped Create Static Device Nodes in /dev.
[[0;32m  OK  [0m] Reached target Shutdown.
[  261.276759] reboot: Power down
