[    0.000000] Initializing cgroup subsys cpuset
[    0.000000] Initializing cgroup subsys cpu
[    0.000000] Initializing cgroup subsys cpuacct
[    0.000000] Linux version 4.4.0-173-generic (buildd@lgw01-amd64-037) (gcc version 5.4.0 20160609 (Ubuntu 5.4.0-6ubuntu1~16.04.12) ) #203-Ubuntu SMP Wed Jan 15 02:55:01 UTC 2020 (Ubuntu 4.4.0-173.203-generic 4.4.208)
[    0.000000] Command line: BOOT_IMAGE=/boot/vmlinuz-4.4.0-173-generic root=LABEL=cloudimg-rootfs ro console=tty1 console=ttyS0
[    0.000000] KERNEL supported cpus:
[    0.000000]   Intel GenuineIntel
[    0.000000]   AMD AuthenticAMD
[    0.000000]   Centaur CentaurHauls
[    0.000000] x86/fpu: xstate_offset[2]:  576, xstate_sizes[2]:  256
[    0.000000] x86/fpu: Supporting XSAVE feature 0x01: 'x87 floating point registers'
[    0.000000] x86/fpu: Supporting XSAVE feature 0x02: 'SSE registers'
[    0.000000] x86/fpu: Supporting XSAVE feature 0x04: 'AVX registers'
[    0.000000] x86/fpu: Enabled xstate features 0x7, context size is 832 bytes, using 'standard' format.
[    0.000000] e820: BIOS-provided physical RAM map:
[    0.000000] BIOS-e820: [mem 0x0000000000000000-0x000000000009fbff] usable
[    0.000000] BIOS-e820: [mem 0x000000000009fc00-0x000000000009ffff] reserved
[    0.000000] BIOS-e820: [mem 0x00000000000f0000-0x00000000000fffff] reserved
[    0.000000] BIOS-e820: [mem 0x0000000000100000-0x000000001ffeffff] usable
[    0.000000] BIOS-e820: [mem 0x000000001fff0000-0x000000001fffffff] ACPI data
[    0.000000] BIOS-e820: [mem 0x00000000fec00000-0x00000000fec00fff] reserved
[    0.000000] BIOS-e820: [mem 0x00000000fee00000-0x00000000fee00fff] reserved
[    0.000000] BIOS-e820: [mem 0x00000000fffc0000-0x00000000ffffffff] reserved
[    0.000000] NX (Execute Disable) protection: active
[    0.000000] SMBIOS 2.5 present.
[    0.000000] Hypervisor detected: KVM
[    0.000000] e820: last_pfn = 0x1fff0 max_arch_pfn = 0x400000000
[    0.000000] MTRR: Disabled
[    0.000000] x86/PAT: MTRRs disabled, skipping PAT initialization too.
[    0.000000] CPU MTRRs all blank - virtualized system.
[    0.000000] x86/PAT: Configuration [0-7]: WB  WT  UC- UC  WB  WT  UC- UC  
[    0.000000] found SMP MP-table at [mem 0x0009fff0-0x0009ffff] mapped at [ffff88000009fff0]
[    0.000000] Scanning 1 areas for low memory corruption
[    0.000000] RAMDISK: [mem 0x1e8b4000-0x1f739fff]
[    0.000000] ACPI: Early table checksum verification disabled
[    0.000000] ACPI: RSDP 0x00000000000E0000 000024 (v02 VBOX  )
[    0.000000] ACPI: XSDT 0x000000001FFF0030 00003C (v01 VBOX   VBOXXSDT 00000001 ASL  00000061)
[    0.000000] ACPI: FACP 0x000000001FFF00F0 0000F4 (v04 VBOX   VBOXFACP 00000001 ASL  00000061)
[    0.000000] ACPI: DSDT 0x000000001FFF0470 002325 (v02 VBOX   VBOXBIOS 00000002 INTL 20100528)
[    0.000000] ACPI: FACS 0x000000001FFF0200 000040
[    0.000000] ACPI: FACS 0x000000001FFF0200 000040
[    0.000000] ACPI: APIC 0x000000001FFF0240 00005C (v02 VBOX   VBOXAPIC 00000001 ASL  00000061)
[    0.000000] ACPI: SSDT 0x000000001FFF02A0 0001CC (v01 VBOX   VBOXCPUT 00000002 INTL 20100528)
[    0.000000] No NUMA configuration found
[    0.000000] Faking a node at [mem 0x0000000000000000-0x000000001ffeffff]
[    0.000000] NODE_DATA(0) allocated [mem 0x1ffeb000-0x1ffeffff]
[    0.000000] kvm-clock: Using msrs 4b564d01 and 4b564d00
[    0.000000] kvm-clock: cpu 0, msr 0:1ffe3001, primary cpu clock
[    0.000000] kvm-clock: using sched offset of 3855699575 cycles
[    0.000000] clocksource: kvm-clock: mask: 0xffffffffffffffff max_cycles: 0x1cd42e4dffb, max_idle_ns: 881590591483 ns
[    0.000000] Zone ranges:
[    0.000000]   DMA      [mem 0x0000000000001000-0x0000000000ffffff]
[    0.000000]   DMA32    [mem 0x0000000001000000-0x000000001ffeffff]
[    0.000000]   Normal   empty
[    0.000000]   Device   empty
[    0.000000] Movable zone start for each node
[    0.000000] Early memory node ranges
[    0.000000]   node   0: [mem 0x0000000000001000-0x000000000009efff]
[    0.000000]   node   0: [mem 0x0000000000100000-0x000000001ffeffff]
[    0.000000] Initmem setup node 0 [mem 0x0000000000001000-0x000000001ffeffff]
[    0.000000] ACPI: PM-Timer IO Port: 0x4008
[    0.000000] IOAPIC[0]: apic_id 2, version 32, address 0xfec00000, GSI 0-23
[    0.000000] ACPI: INT_SRC_OVR (bus 0 bus_irq 0 global_irq 2 dfl dfl)
[    0.000000] ACPI: INT_SRC_OVR (bus 0 bus_irq 9 global_irq 9 low level)
[    0.000000] Using ACPI (MADT) for SMP configuration information
[    0.000000] smpboot: Allowing 2 CPUs, 0 hotplug CPUs
[    0.000000] PM: Registered nosave memory: [mem 0x00000000-0x00000fff]
[    0.000000] PM: Registered nosave memory: [mem 0x0009f000-0x0009ffff]
[    0.000000] PM: Registered nosave memory: [mem 0x000a0000-0x000effff]
[    0.000000] PM: Registered nosave memory: [mem 0x000f0000-0x000fffff]
[    0.000000] e820: [mem 0x20000000-0xfebfffff] available for PCI devices
[    0.000000] Booting paravirtualized kernel on KVM
[    0.000000] clocksource: refined-jiffies: mask: 0xffffffff max_cycles: 0xffffffff, max_idle_ns: 7645519600211568 ns
[    0.000000] setup_percpu: NR_CPUS:512 nr_cpumask_bits:512 nr_cpu_ids:2 nr_node_ids:1
[    0.000000] PERCPU: Embedded 33 pages/cpu @ffff88001fc00000 s95448 r8192 d31528 u1048576
[    0.000000] Built 1 zonelists in Node order, mobility grouping on.  Total pages: 128888
[    0.000000] Policy zone: DMA32
[    0.000000] Kernel command line: BOOT_IMAGE=/boot/vmlinuz-4.4.0-173-generic root=LABEL=cloudimg-rootfs ro console=tty1 console=ttyS0
[    0.000000] PID hash table entries: 2048 (order: 2, 16384 bytes)
[    0.000000] Memory: 481600K/523832K available (8626K kernel code, 1336K rwdata, 4032K rodata, 1488K init, 1292K bss, 42232K reserved, 0K cma-reserved)
[    0.000000] SLUB: HWalign=64, Order=0-3, MinObjects=0, CPUs=2, Nodes=1
[    0.000000] Kernel/User page tables isolation: enabled
[    0.000000] Hierarchical RCU implementation.
[    0.000000] 	Build-time adjustment of leaf fanout to 64.
[    0.000000] 	RCU restricting CPUs from NR_CPUS=512 to nr_cpu_ids=2.
[    0.000000] RCU: Adjusting geometry for rcu_fanout_leaf=64, nr_cpu_ids=2
[    0.000000] NR_IRQS:33024 nr_irqs:440 16
[    0.000000] Console: colour VGA+ 80x25
[    0.000000] console [tty1] enabled
[    0.000000] console [ttyS0] enabled
[    0.000000] tsc: Detected 2496.002 MHz processor
[    0.257752] Calibrating delay loop (skipped) preset value.. 4992.00 BogoMIPS (lpj=9984008)
[    0.260552] pid_max: default: 32768 minimum: 301
[    0.262483] ACPI: Core revision 20150930
[    0.266720] ACPI: 2 ACPI AML tables successfully acquired and loaded
[    0.269009] Security Framework initialized
[    0.270688] Yama: becoming mindful.
[    0.273681] AppArmor: AppArmor initialized
[    0.275804] Dentry cache hash table entries: 65536 (order: 7, 524288 bytes)
[    0.278258] Inode-cache hash table entries: 32768 (order: 6, 262144 bytes)
[    0.280999] Mount-cache hash table entries: 1024 (order: 1, 8192 bytes)
[    0.283355] Mountpoint-cache hash table entries: 1024 (order: 1, 8192 bytes)
[    0.287146] Initializing cgroup subsys io
[    0.290654] Initializing cgroup subsys memory
[    0.292394] Initializing cgroup subsys devices
[    0.294453] Initializing cgroup subsys freezer
[    0.296987] Initializing cgroup subsys net_cls
[    0.298747] Initializing cgroup subsys perf_event
[    0.300570] Initializing cgroup subsys net_prio
[    0.302606] Initializing cgroup subsys hugetlb
[    0.305090] Initializing cgroup subsys pids
[    0.309711] mce: CPU supports 0 MCE banks
[    0.311450] Last level iTLB entries: 4KB 64, 2MB 8, 4MB 8
[    0.313399] Last level dTLB entries: 4KB 64, 2MB 0, 4MB 0, 1GB 4
[    0.315551] Spectre V1 : Mitigation: usercopy/swapgs barriers and __user pointer sanitization
[    0.318965] Spectre V2 : Mitigation: Full generic retpoline
[    0.321036] Spectre V2 : Spectre v2 / SpectreRSB mitigation: Filling RSB on context switch
[    0.326361] Speculative Store Bypass: Vulnerable
[    0.328320] MDS: Vulnerable: Clear CPU buffers attempted, no microcode
[    0.336453] Freeing SMP alternatives memory: 36K
[    0.351276] ftrace: allocating 32304 entries in 127 pages
[    0.467213] smpboot: APIC(0) Converting physical 0 to logical package 0
[    0.469533] smpboot: Max logical packages: 1
[    0.472863] x2apic enabled
[    0.474917] Switched APIC routing to physical x2apic.
[    0.479525] ..TIMER: vector=0x30 apic1=0 pin1=2 apic2=-1 pin2=-1
[    0.590001] smpboot: CPU0: Intel(R) Core(TM) i5-6300U CPU @ 2.40GHz (family: 0x6, model: 0x4e, stepping: 0x3)
[    0.594444] Performance Events: unsupported p6 CPU model 78 no PMU driver, software events only.
[    0.619381] KVM setup paravirtual spinlock
[    0.623176] x86: Booting SMP configuration:
[    0.624836] .... node  #0, CPUs:      #1
[    0.626399] kvm-clock: cpu 1, msr 0:1ffe3041, secondary cpu clock
[    0.628977] mce: CPU supports 0 MCE banks
[    0.631953] x86: Booted up 1 node, 2 CPUs
[    0.634449] smpboot: Total of 2 processors activated (9984.00 BogoMIPS)
[    0.641988] devtmpfs: initialized
[    0.646056] evm: security.selinux
[    0.647548] evm: security.SMACK64
[    0.649012] evm: security.SMACK64EXEC
[    0.650746] evm: security.SMACK64TRANSMUTE
[    0.652552] evm: security.SMACK64MMAP
[    0.654396] evm: security.ima
[    0.656327] evm: security.capability
[    0.657878] clocksource: jiffies: mask: 0xffffffff max_cycles: 0xffffffff, max_idle_ns: 7645041785100000 ns
[    0.660944] futex hash table entries: 512 (order: 3, 32768 bytes)
[    0.663594] pinctrl core: initialized pinctrl subsystem
[    0.665394] RTC time: 10:38:13, date: 03/20/20
[    0.667372] NET: Registered protocol family 16
[    0.678617] cpuidle: using governor ladder
[    0.692227] cpuidle: using governor menu
[    0.693792] PCCT header not found.
[    0.695460] ACPI: bus type PCI registered
[    0.697256] acpiphp: ACPI Hot Plug PCI Controller Driver version: 0.5
[    0.699914] PCI: Using configuration type 1 for base access
[    0.715523] ACPI: Added _OSI(Module Device)
[    0.716830] ACPI: Added _OSI(Processor Device)
[    0.718285] ACPI: Added _OSI(3.0 _SCP Extensions)
[    0.719719] ACPI: Added _OSI(Processor Aggregator Device)
[    0.722879] ACPI: Executed 1 blocks of module-level executable AML code
[    0.728785] ACPI: Interpreter enabled
[    0.730453] ACPI: (supports S0 S5)
[    0.731981] ACPI: Using IOAPIC for interrupt routing
[    0.734482] PCI: Using host bridge windows from ACPI; if necessary, use "pci=nocrs" and report a bug
[    0.745723] ACPI: PCI Root Bridge [PCI0] (domain 0000 [bus 00-ff])
[    0.747975] acpi PNP0A03:00: _OSC: OS supports [ASPM ClockPM Segments MSI]
[    0.751252] acpi PNP0A03:00: _OSC: not requesting OS control; OS requires [ExtendedConfig ASPM ClockPM MSI]
[    0.755849] acpi PNP0A03:00: fail to add MMCONFIG information, can't access extended PCI configuration space under this bridge.
[    0.760651] PCI host bridge to bus 0000:00
[    0.762516] pci_bus 0000:00: root bus resource [io  0x0000-0x0cf7 window]
[    0.765281] pci_bus 0000:00: root bus resource [io  0x0d00-0xffff window]
[    0.768061] pci_bus 0000:00: root bus resource [mem 0x000a0000-0x000bffff window]
[    0.771870] pci_bus 0000:00: root bus resource [mem 0x20000000-0xfdffffff window]
[    0.775019] pci_bus 0000:00: root bus resource [bus 00-ff]
[    0.780524] pci 0000:00:01.1: legacy IDE quirk: reg 0x10: [io  0x01f0-0x01f7]
[    0.782502] pci 0000:00:01.1: legacy IDE quirk: reg 0x14: [io  0x03f6]
[    0.784201] pci 0000:00:01.1: legacy IDE quirk: reg 0x18: [io  0x0170-0x0177]
[    0.786094] pci 0000:00:01.1: legacy IDE quirk: reg 0x1c: [io  0x0376]
[    0.823394] pci 0000:00:07.0: quirk: [io  0x4000-0x403f] claimed by PIIX4 ACPI
[    0.826553] pci 0000:00:07.0: quirk: [io  0x4100-0x410f] claimed by PIIX4 SMB
[    0.834369] ACPI: PCI Interrupt Link [LNKA] (IRQs 5 9 10 *11)
[    0.837348] ACPI: PCI Interrupt Link [LNKB] (IRQs 5 9 *10 11)
[    0.840430] ACPI: PCI Interrupt Link [LNKC] (IRQs 5 *9 10 11)
[    0.842698] ACPI: PCI Interrupt Link [LNKD] (IRQs 5 9 10 *11)
[    0.844953] ACPI: Enabled 2 GPEs in block 00 to 07
[    0.846844] vgaarb: setting as boot device: PCI:0000:00:02.0
[    0.848672] vgaarb: device added: PCI:0000:00:02.0,decodes=io+mem,owns=io+mem,locks=none
[    0.851047] vgaarb: loaded
[    0.852166] vgaarb: bridge control possible 0000:00:02.0
[    0.854613] SCSI subsystem initialized
[    0.856197] ACPI: bus type USB registered
[    0.857515] usbcore: registered new interface driver usbfs
[    0.859196] usbcore: registered new interface driver hub
[    0.860750] usbcore: registered new device driver usb
[    0.863664] PCI: Using ACPI for IRQ routing
[    0.865827] NetLabel: Initializing
[    0.867122] NetLabel:  domain hash size = 128
[    0.868888] NetLabel:  protocols = UNLABELED CIPSOv4
[    0.871062] NetLabel:  unlabeled traffic allowed by default
[    0.873351] amd_nb: Cannot enumerate AMD northbridges
[    0.875283] clocksource: Switched to clocksource kvm-clock
[    0.888248] AppArmor: AppArmor Filesystem Enabled
[    0.890364] pnp: PnP ACPI init
[    0.892863] pnp: PnP ACPI: found 3 devices
[    0.905501] clocksource: acpi_pm: mask: 0xffffff max_cycles: 0xffffff, max_idle_ns: 2085701024 ns
[    0.908388] NET: Registered protocol family 2
[    0.909916] TCP established hash table entries: 4096 (order: 3, 32768 bytes)
[    0.911755] TCP bind hash table entries: 4096 (order: 4, 65536 bytes)
[    0.913492] TCP: Hash tables configured (established 4096 bind 4096)
[    0.915963] UDP hash table entries: 256 (order: 1, 8192 bytes)
[    0.918390] UDP-Lite hash table entries: 256 (order: 1, 8192 bytes)
[    0.921158] NET: Registered protocol family 1
[    0.922520] pci 0000:00:00.0: Limiting direct PCI/PCI transfers
[    0.924168] pci 0000:00:01.0: Activating ISA DMA hang workarounds
[    0.930793] Unpacking initramfs...
[    1.286775] Freeing initrd memory: 14872K
[    1.288996] clocksource: tsc: mask: 0xffffffffffffffff max_cycles: 0x23fa79125d1, max_idle_ns: 440795329579 ns
[    1.291898] platform rtc_cmos: registered platform RTC device (no PNP device found)
[    1.294233] Scanning for low memory corruption every 60 seconds
[    1.296912] audit: initializing netlink subsys (disabled)
[    1.298910] audit: type=2000 audit(1584700699.538:1): initialized
[    1.301503] Initialise system trusted keyring
[    1.303411] HugeTLB registered 2 MB page size, pre-allocated 0 pages
[    1.307854] zbud: loaded
[    1.309450] VFS: Disk quotas dquot_6.6.0
[    1.311078] VFS: Dquot-cache hash table entries: 512 (order 0, 4096 bytes)
[    1.313596] squashfs: version 4.0 (2009/01/31) Phillip Lougher
[    1.316521] fuse init (API version 7.23)
[    1.318335] Key type big_key registered
[    1.319630] Allocating IMA MOK and blacklist keyrings.
[    1.322902] Key type asymmetric registered
[    1.324752] Asymmetric key parser 'x509' registered
[    1.326875] Block layer SCSI generic (bsg) driver version 0.4 loaded (major 249)
[    1.330159] io scheduler noop registered
[    1.331725] io scheduler deadline registered (default)
[    1.333727] io scheduler cfq registered
[    1.335545] pci_hotplug: PCI Hot Plug PCI Core version: 0.5
[    1.337191] pciehp: PCI Express Hot Plug Controller Driver version: 0.4
[    1.339825] ACPI: AC Adapter [AC] (on-line)
[    1.341707] input: Power Button as /devices/LNXSYSTM:00/LNXPWRBN:00/input/input0
[    1.344639] ACPI: Power Button [PWRF]
[    1.346307] input: Sleep Button as /devices/LNXSYSTM:00/LNXSLPBN:00/input/input1
[    1.349437] ACPI: Sleep Button [SLPF]
[    1.352583] ACPI: Battery Slot [BAT0] (battery present)
[    1.354852] GHES: HEST is not enabled!
[    1.356226] Serial: 8250/16550 driver, 32 ports, IRQ sharing enabled
[    1.379125] 00:02: ttyS0 at I/O 0x3f8 (irq = 4, base_baud = 115200) is a 16550A
[    1.384130] Linux agpgart interface v0.103
[    1.387977] loop: module loaded
[    1.390219] scsi host0: ata_piix
[    1.391877] scsi host1: ata_piix
[    1.393390] ata1: PATA max UDMA/33 cmd 0x1f0 ctl 0x3f6 bmdma 0xd000 irq 14
[    1.396123] ata2: PATA max UDMA/33 cmd 0x170 ctl 0x376 bmdma 0xd008 irq 15
[    1.398947] libphy: Fixed MDIO Bus: probed
[    1.400965] tun: Universal TUN/TAP device driver, 1.6
[    1.402941] tun: (C) 1999-2004 Max Krasnyansky <maxk@qualcomm.com>
[    1.406086] PPP generic driver version 2.4.2
[    1.407829] ehci_hcd: USB 2.0 'Enhanced' Host Controller (EHCI) Driver
[    1.410147] ehci-pci: EHCI PCI platform driver
[    1.411882] ehci-platform: EHCI generic platform driver
[    1.413880] ohci_hcd: USB 1.1 'Open' Host Controller (OHCI) Driver
[    1.416062] ohci-pci: OHCI PCI platform driver
[    1.417878] ohci-platform: OHCI generic platform driver
[    1.419977] uhci_hcd: USB Universal Host Controller Interface driver
[    1.422240] i8042: PNP: PS/2 Controller [PNP0303:PS2K,PNP0f03:PS2M] at 0x60,0x64 irq 1,12
[    1.425436] serio: i8042 KBD port at 0x60,0x64 irq 1
[    1.427294] serio: i8042 AUX port at 0x60,0x64 irq 12
[    1.429392] mousedev: PS/2 mouse device common for all mice
[    1.432119] rtc_cmos rtc_cmos: rtc core: registered rtc_cmos as rtc0
[    1.434853] input: AT Translated Set 2 keyboard as /devices/platform/i8042/serio0/input/input2
[    1.438322] rtc_cmos rtc_cmos: alarms up to one day, 114 bytes nvram
[    1.440568] i2c /dev entries driver
[    1.441967] device-mapper: uevent: version 1.0.3
[    1.444063] device-mapper: ioctl: 4.34.0-ioctl (2015-10-28) initialised: dm-devel@redhat.com
[    1.447350] ledtrig-cpu: registered to indicate activity on CPUs
[    1.449858] NET: Registered protocol family 10
[    1.451412] NET: Registered protocol family 17
[    1.453085] Key type dns_resolver registered
[    1.455379] registered taskstats version 1
[    1.457001] Loading compiled-in X.509 certificates
[    1.459753] Loaded X.509 cert 'Build time autogenerated kernel key: 4e6a82653c7e3a258f066f23f1954299de63b157'
[    1.463337] zswap: loaded using pool lzo/zbud
[    1.467059] Key type trusted registered
[    1.472990] Key type encrypted registered
[    1.476389] AppArmor: AppArmor sha1 policy hashing enabled
[    1.478276] ima: No TPM chip found, activating TPM-bypass!
[    1.480381] ima: Allocated hash algorithm: sha1
[    1.482203] evm: HMAC attrs: 0x1
[    1.484061]   Magic number: 12:125:629
[    1.485680] rtc_cmos rtc_cmos: setting system clock to 2020-03-20 10:38:14 UTC (1584700694)
[    1.488907] BIOS EDD facility v0.16 2004-Jun-25, 0 devices found
[    1.490565] EDD information not available.
[    1.579731] Freeing unused kernel memory: 1488K
[    1.581650] Write protecting the kernel read-only data: 14336k
[    1.584551] Freeing unused kernel memory: 1604K
[    1.586923] Freeing unused kernel memory: 64K
Loading, please wait...
starting version 229
[    1.609453] random: systemd-udevd: uninitialized urandom read (16 bytes read, 3 bits of entropy available)
[    1.614267] random: udevadm: uninitialized urandom read (16 bytes read, 3 bits of entropy available)
[    1.614300] random: udevadm: uninitialized urandom read (16 bytes read, 3 bits of entropy available)
[    1.626316] random: systemd-udevd: uninitialized urandom read (16 bytes read, 3 bits of entropy available)
[    1.631445] random: udevadm: uninitialized urandom read (16 bytes read, 3 bits of entropy available)
[    1.631514] random: udevadm: uninitialized urandom read (16 bytes read, 3 bits of entropy available)
[    1.632585] random: udevadm: uninitialized urandom read (16 bytes read, 3 bits of entropy available)
[    1.632676] random: udevadm: uninitialized urandom read (16 bytes read, 3 bits of entropy available)
[    1.632765] random: udevadm: uninitialized urandom read (16 bytes read, 3 bits of entropy available)
[    1.632858] random: udevadm: uninitialized urandom read (16 bytes read, 3 bits of entropy available)
[    1.699519] e1000: Intel(R) PRO/1000 Network Driver - version 7.3.21-k8-NAPI
[    1.702028] e1000: Copyright (c) 1999-2006 Intel Corporation.
[    1.711581] Fusion MPT base driver 3.04.20
[    1.713302] Copyright (c) 1999-2008 LSI Corporation
[    1.740839] Fusion MPT SPI Host driver 3.04.20
[    1.753631] AVX2 version of gcm_enc/dec engaged.
[    1.756948] AES CTR mode by8 optimization enabled
[    1.952841] input: ImExPS/2 Generic Explorer Mouse as /devices/platform/i8042/serio1/input/input4
[    2.295697] e1000 0000:00:03.0 eth0: (PCI:33MHz:32-bit) 02:0e:0c:9a:00:f0
[    2.298310] e1000 0000:00:03.0 eth0: Intel(R) PRO/1000 Network Connection
[    2.302171] e1000 0000:00:03.0 enp0s3: renamed from eth0
[    2.305101] mptbase: ioc0: Initiating bringup
[    3.163965] ioc0: LSI53C1030 A0: Capabilities={Initiator}
[    5.282666] scsi host2: ioc0: LSI53C1030 A0, FwRev=00000000h, Ports=1, MaxQ=256, IRQ=20
[    6.133462] scsi 2:0:0:0: Direct-Access     VBOX     HARDDISK         1.0  PQ: 0 ANSI: 5
[    6.137065] scsi target2:0:0: Beginning Domain Validation
[    6.141259] scsi target2:0:0: Domain Validation skipping write tests
[    6.144001] scsi target2:0:0: Ending Domain Validation
[    6.145942] scsi target2:0:0: asynchronous
[    6.148507] scsi 2:0:1:0: Direct-Access     VBOX     HARDDISK         1.0  PQ: 0 ANSI: 5
[    6.151802] scsi target2:0:1: Beginning Domain Validation
[    6.156730] scsi target2:0:1: Domain Validation skipping write tests
[    6.159203] scsi target2:0:1: Ending Domain Validation
[    6.161379] scsi target2:0:1: asynchronous
[    6.193332] sd 2:0:0:0: [sda] 20971520 512-byte logical blocks: (10.7 GB/10.0 GiB)
[    6.193535] sd 2:0:0:0: Attached scsi generic sg0 type 0
[    6.194213] sd 2:0:1:0: Attached scsi generic sg1 type 0
[    6.201469] sd 2:0:1:0: [sdb] 20480 512-byte logical blocks: (10.5 MB/10.0 MiB)
[    6.201605] sd 2:0:0:0: [sda] Write Protect is off
[    6.201772] sd 2:0:0:0: [sda] Incomplete mode parameter data
[    6.201774] sd 2:0:0:0: [sda] Assuming drive cache: write through
[    6.209436] sd 2:0:1:0: [sdb] Write Protect is off
[    6.212011]  sda: sda1
[    6.214512] sd 2:0:1:0: [sdb] Incomplete mode parameter data
[    6.214923] sd 2:0:0:0: [sda] Attached SCSI disk
[    6.218654] sd 2:0:1:0: [sdb] Assuming drive cache: write through
[    6.225859] sd 2:0:1:0: [sdb] Attached SCSI disk
Begin: Loading essential drivers ... [    7.930583] md: linear personality registered for level -1
[    7.937483] md: multipath personality registered for level -4
[    7.944417] md: raid0 personality registered for level 0
[    7.953880] md: raid1 personality registered for level 1
[    8.028202] raid6: sse2x1   gen()  4562 MB/s
[    8.095394] raid6: sse2x1   xor()  4241 MB/s
[    8.163805] raid6: sse2x2   gen()  6659 MB/s
[    8.231609] raid6: sse2x2   xor()  5461 MB/s
[    8.299409] raid6: sse2x4   gen()  9571 MB/s
[    8.367320] raid6: sse2x4   xor()  5653 MB/s
[    8.435539] raid6: avx2x1   gen() 14794 MB/s
[    8.503703] raid6: avx2x2   gen() 17017 MB/s
[    8.571567] raid6: avx2x4   gen() 21506 MB/s
[    8.573644] raid6: using algorithm avx2x4 gen() 21506 MB/s
[    8.575804] raid6: using avx2x2 recovery algorithm
[    8.578759] xor: automatically using best checksumming function:
[    8.620473]    avx       : 24050.000 MB/sec
[    8.622950] async_tx: api initialized (async)
[    8.634860] md: raid6 personality registered for level 6
[    8.637543] md: raid5 personality registered for level 5
[    8.639566] md: raid4 personality registered for level 4
[    8.650924] md: raid10 personality registered for level 10
done.
Begin: Running /scripts/init-premount ... done.
Begin: Mounting root file system ... Begin: Running /scripts/local-top ... done.
Begin: Running /scripts/local-premount ... [    8.715343] Btrfs loaded
Scanning for Btrfs filesystems
done.
Warning: fsck not present, so skipping root file system
[    8.762825] EXT4-fs (sda1): INFO: recovery required on readonly filesystem
[    8.764770] EXT4-fs (sda1): write access will be enabled during recovery
[    8.807577] EXT4-fs (sda1): recovery complete
[    8.809561] EXT4-fs (sda1): mounted filesystem with ordered data mode. Opts: (null)
done.
Begin: Running /scripts/local-bottom ... done.
Begin: Running /scripts/init-bottom ... done.
[    8.950790] systemd[1]: systemd 229 running in system mode. (+PAM +AUDIT +SELINUX +IMA +APPARMOR +SMACK +SYSVINIT +UTMP +LIBCRYPTSETUP +GCRYPT +GNUTLS +ACL +XZ -LZ4 +SECCOMP +BLKID +ELFUTILS +KMOD -IDN)
[    8.955957] systemd[1]: Detected virtualization oracle.
[    8.961573] systemd[1]: Detected architecture x86-64.

Welcome to [1mUbuntu 16.04.6 LTS[0m!

[    8.968223] systemd[1]: Set hostname to <ubuntu-xenial>.
[    9.449150] systemd[1]: Listening on LVM2 metadata daemon socket.
[[0;32m  OK  [0m] Listening on LVM2 metadata daemon socket.
[    9.454151] systemd[1]: Reached target System Time Synchronized.
[[0;32m  OK  [0m] Reached target System Time Synchronized.
[    9.464544] systemd[1]: Started Forward Password Requests to Wall Directory Watch.
[[0;32m  OK  [0m] Started Forward Password Requests to Wall Directory Watch.
[    9.472407] systemd[1]: Listening on Journal Audit Socket.
[[0;32m  OK  [0m] Listening on Journal Audit Socket.
[    9.483639] systemd[1]: Started Trigger resolvconf update for networkd DNS.
[[0;32m  OK  [0m] Started Trigger resolvconf update for networkd DNS.
[    9.488421] systemd[1]: Listening on /dev/initctl Compatibility Named Pipe.
[[0;32m  OK  [0m] Listening on /dev/initctl Compatibility Named Pipe.
[    9.493117] systemd[1]: Reached target User and Group Name Lookups.
[[0;32m  OK  [0m] Reached target User and Group Name Lookups.
[    9.497098] systemd[1]: Reached target Swap.
[[0;32m  OK  [0m] Reached target Swap.
[    9.500372] systemd[1]: Listening on Journal Socket.
[[0;32m  OK  [0m] Listening on Journal Socket.
[    9.521062] systemd[1]: Created slice User and Session Slice.
[[0;32m  OK  [0m] Created slice User and Session Slice.
[    9.536488] systemd[1]: Listening on Journal Socket (/dev/log).
[[0;32m  OK  [0m] Listening on Journal Socket (/dev/log).
[    9.548103] systemd[1]: Reached target Encrypted Volumes.
[[0;32m  OK  [0m] Reached target Encrypted Volumes.
[    9.553194] systemd[1]: Listening on udev Kernel Socket.
[[0;32m  OK  [0m] Listening on udev Kernel Socket.
[    9.558248] systemd[1]: Listening on udev Control Socket.
[[0;32m  OK  [0m] Listening on udev Control Socket.
[    9.562696] systemd[1]: Listening on Device-mapper event daemon FIFOs.
[[0;32m  OK  [0m] Listening on Device-mapper event daemon FIFOs.
[    9.568800] systemd[1]: Listening on LVM2 poll daemon socket.
[[0;32m  OK  [0m] Listening on LVM2 poll daemon socket.
[    9.574052] systemd[1]: Set up automount Arbitrary Executable File Formats File System Automount Point.
[[0;32m  OK  [0m] Set up automount Arbitrary Executab...ats File System Automount Point.
[    9.581165] systemd[1]: Listening on Syslog Socket.
[[0;32m  OK  [0m] Listening on Syslog Socket.
[    9.591448] systemd[1]: Created slice System Slice.
[[0;32m  OK  [0m] Created slice System Slice.
[    9.607552] systemd[1]: Mounting POSIX Message Queue File System...
         Mounting POSIX Message Queue File System...
[    9.616211] systemd[1]: Starting Journal Service...
         Starting Journal Service...
[    9.633245] systemd[1]: Starting Load Kernel Modules...
         Starting Load Kernel Modules...
[    9.643720] systemd[1]: Starting Nameserver information manager...
         Starting Nameserver information manager...
[    9.652558] systemd[1]: Starting Uncomplicated firewall...
[    9.657601] Loading iSCSI transport class v2.0-870.
         Starting Uncomplicated firewall...
[    9.664526] systemd[1]: Starting Create list of required static device nodes for the current kernel...
         Starting Create list of required st... nodes for the current kernel...
[    9.680401] systemd[1]: Mounting Debug File System...
         Mounting Debug File System...
[    9.691293] systemd[1]: Mounting Huge Pages File System...
         Mounting Huge Pages File System...
[    9.696702] systemd[1]: Starting Remount Root and Kernel File Systems...
         Startin[    9.704954] EXT4-fs (sda1): re-mounted. Opts: (null)
g Remount Root and Kernel File Systems...
[    9.714335] iscsi: registered transport (tcp)
[    9.716926] systemd[1]: Created slice system-serial\x2dgetty.slice.
[[0;32m  OK  [0m] Created slice system-serial\x2dgetty.slice.
[    9.737162] systemd[1]: Starting Set console keymap...
         Starting Set console keymap...
[    9.744342] systemd[1]: Starting Monitoring of LVM2 mirrors, snapshots etc. using dmeventd or progress polling...
         Starting Monitoring of LVM2 mirrors... dmeventd or progress polling...
[    9.782000] systemd[1]: Reached target Slices.
[[0;32m  OK  [0m] Reached target Slices.
[    9.805583] systemd[1]: Mounted Debug File System.
[[0;32m  OK  [0m] Mounted Debug File System.
[    9.810367] systemd[1]: Mounted Huge Pages File System.
[[0;32m  OK  [0m] Mounted Huge Pages File System.
[    9.827954] systemd[1]: Mounted POSIX Message Queue File System.
[[0;32m  OK  [0m] Mounted POSIX Message Queue File System.
[    9.837858] iscsi: registered transport (iser)
[    9.840246] systemd[1]: Started Journal Service.
[[0;32m  OK  [0m] Started Journal Service.
[[0;32m  OK  [0m] Started Load Kernel Modules.
[[0;32m  OK  [0m[    9.861379] random: nonblocking pool is initialized
] Started Uncomplicated firewall.
[[0;32m  OK  [0m] Started Create list of required sta...ce nodes for the current kernel.
[[0;32m  OK  [0m] Started Remount Root and Kernel File Systems.
[[0;32m  OK  [0m] Started Nameserver information manager.
[[0;32m  OK  [0m] Started LVM2 metadata daemon.
         Starting udev Coldplug all Devices...
         Starting Load/Save Random Seed...
         Starting Create Static Device Nodes in /dev...
         Mounting FUSE Control File System...
         Starting Apply Kernel Variables...
         Starting Flush Journal to Persistent Storage...
[[0;32m  OK  [0m] Mounted FUSE Control File System.
[[0;32m  OK  [0m] Started Set console keymap.
[[0;32m  OK  [0m] Started Load/Save Random Seed.
[[0;32m  OK  [0m] Started Apply Kernel Variables.
[[0;32m  OK  [0m] Started Flush Journal to Persistent Storage.
[[0;32m  OK  [0m] Started Create Static Device Nodes in /dev.
         Starting udev Kernel Device Manager...
[[0;32m  OK  [0m] Started udev Coldplug all Devices.
[[0;32m  OK  [0m] Started udev Kernel Device Manager.
[[0;32m  OK  [0m] Started Dispatch Password Requests to Console Directory Watch.
[[0;32m  OK  [0m] Started Monitoring of LVM2 mirrors,...ng dmeventd or progress polling.
[[0;32m  OK  [0m] Reached target Local File Systems (Pre).
[[0;32m  OK  [0m] Reached target Local File Systems.
         Starting LSB: AppArmor initialization...
         Starting Initial cloud-init job (pre-networking)...
         Starting Set console font and keymap...
         Starting Tell Plymouth To Write Out Runtime Data...
         Starting Create Volatile Files and Directories...
[[0;32m  OK  [0m] Started Tell Plymouth To Write Out Runtime Data.
[[0;32m  OK  [0m] Started Create Volatile Files and Directories.
         Starting Update UTMP about System Boot/Shutdown...
[[0;32m  OK  [0m] Started Update UTMP about System Boot/Shutdown.
[[0;32m  OK  [0m] Started LSB: AppArmor initialization.
[[0;32m  OK  [0m] Found device /dev/ttyS0.
[[0;32m  OK  [0m] Found device 82540EM Gigabit Ethern...r (PRO/1000 MT Desktop Adapter).
[[0;32m  OK  [0m] Listening on Load/Save RF Kill Switch Status /dev/rfkill Watch.
[   11.895387] cloud-init[485]: Cloud-init v. 19.4-33-gbb4131a2-0ubuntu1~16.04.1 running 'init-local' at Fri, 20 Mar 2020 10:38:24 +0000. Up 11.27 seconds.
[[0;32m  OK  [0m] Started Set console font and keymap.
[[0;32m  OK  [0m] Started Initial cloud-init job (pre-networking).
[[0;32m  OK  [0m] Reached target Network (Pre).
         Starting Raise network interfaces...
[[0;32m  OK  [0m] Started ifup for enp0s3.
[[0;32m  OK  [0m] Created slice system-getty.slice.
[[0;32m  OK  [0m] Started Raise network interfaces.
[[0;32m  OK  [0m] Reached target Network.
         Starting Initial cloud-init job (metadata service crawler)...
[   14.052703] cloud-init[982]: Cloud-init v. 19.4-33-gbb4131a2-0ubuntu1~16.04.1 running 'init' at Fri, 20 Mar 2020 10:38:26 +0000. Up 13.28 seconds.
[   14.056672] cloud-init[982]: ci-info: ++++++++++++++++++++++++++++++++++++Net device info++++++++++++++++++++++++++++++++++++
[   14.060768] cloud-init[982]: ci-info: +--------+------+------------------------+---------------+--------+-------------------+
[   14.069154] cloud-init[982]: ci-info: | Device |  Up  |        Address         |      Mask     | Scope  |     Hw-Address    |
[   14.076823] cloud-init[982]: ci-info: +--------+------+------------------------+---------------+--------+-------------------+
[   14.085974] cloud-init[982]: ci-info: | enp0s3 | True |       10.0.2.15        | 255.255.255.0 | global | 02:0e:0c:9a:00:f0 |
[   14.090457] cloud-init[982]: ci-info: | enp0s3 | True | fe80::e:cff:fe9a:f0/64 |       .       |  link  | 02:0e:0c:9a:00:f0 |
[   14.097168] cloud-init[982]: ci-info: |   lo   | True |       127.0.0.1        |   255.0.0.0   |  host  |         .         |
[   14.107201] cloud-init[982]: ci-info: |   lo   | True |        ::1/128         |       .       |  host  |         .         |
[   14.114561] cloud-init[982]: ci-info: +--------+------+------------------------+---------------+--------+-------------------+
[   14.118658] cloud-init[982]: ci-info: +++++++++++++++++++++++++++Route IPv4 info++++++++++++++++++++++++++++
[   14.122715] cloud-init[982]: ci-info: +-------+-------------+----------+---------------+-----------+-------+
[   14.126675] cloud-init[982]: ci-info: | Route | Destination | Gateway  |    Genmask    | Interface | Flags |
[   14.131288] cloud-init[982]: ci-info: +-------+-------------+----------+---------------+-----------+-------+
[   14.141015] cloud-init[982]: ci-info: |   0   |   0.0.0.0   | 10.0.2.2 |    0.0.0.0    |   enp0s3  |   UG  |
[   14.144590] cloud-init[982]: ci-info: |   1   |   10.0.2.0  | 0.0.0.0  | 255.255.255.0 |   enp0s3  |   U   |
[   14.148872] cloud-init[982]: ci-info: +-------+-------------+----------+---------------+-----------+-------+
[   14.152832] cloud-init[982]: ci-info: +++++++++++++++++++Route IPv6 info+++++++++++++++++++
[   14.158309] cloud-init[982]: ci-info: +-------+-------------+---------+-----------+-------+
[   14.161951] cloud-init[982]: ci-info: | Route | Destination | Gateway | Interface | Flags |
[   14.166164] cloud-init[982]: ci-info: +-------+-------------+---------+-----------+-------+
[   14.170055] cloud-init[982]: ci-info: |   0   |  fe80::/64  |    ::   |   enp0s3  |   U   |
[   14.174029] cloud-init[982]: ci-info: |   3   |   ff00::/8  |    ::   |   enp0s3  |   U   |
[   14.177934] cloud-init[982]: ci-info: +-------+-------------+---------+-----------+-------+
[[0;32m  OK  [0m] Started Initial cloud-init job (metadata service crawler).
[[0;32m  OK  [0m] Reached target Cloud-config availability.
[[0;32m  OK  [0m] Reached target Network is Online.
         Starting iSCSI initiator daemon (iscsid)...
[[0;32m  OK  [0m] Reached target System Initialization.
         Starting Socket activation for snappy daemon.
[[0;32m  OK  [0m] Started Daily Cleanup of Temporary Directories.
[[0;32m  OK  [0m] Started Message of the Day.
[[0;32m  OK  [0m] Listening on ACPID Listen Socket.
         Starting LXD - unix socket.
[[0;32m  OK  [0m] Started Daily apt download activities.
[[0;32m  OK  [0m] Started Daily apt upgrade and clean activities.
[[0;32m  OK  [0m] Reached target Timers.
[[0;32m  OK  [0m] Started ACPI Events Check.
[[0;32m  OK  [0m] Reached target Paths.
[[0;32m  OK  [0m] Listening on UUID daemon activation socket.
[[0;32m  OK  [0m] Listening on D-Bus System Message Bus Socket.
[[0;32m  OK  [0m] Listening on Socket activation for snappy daemon.
[[0;32m  OK  [0m] Listening on LXD - unix socket.
[[0;32m  OK  [0m] Reached target Sockets.
[[0;32m  OK  [0m] Reached target Basic System.
         Starting Virtualbox guest utils...
[[0;32m  OK  [0m] Started FUSE filesystem for LXC.
         Starting Message of the Day...
         Starting LSB: Record successful boot for GRUB...
         Starting Accounts Service...
         Starting System Logging Service...
[[0;32m  OK  [0m] Started D-Bus System Message Bus.
[[0;32m  OK  [0m] Started ACPI event daemon.
         Starting /etc/rc.local Compatibility...
         Starting LXD - container startup/shutdown...
         Starting OpenBSD Secure Shell server...
         Starting Login Service...
[[0;32m  OK  [0m] Started Deferred execution scheduler.
         Starting Snappy daemon...
[[0;32m  OK  [0m] Started Regular background program processing daemon.
         Starting LSB: MD monitoring daemon...
[[0;32m  OK  [0m] Started System Logging Service.
[[0;32m  OK  [0m] Started iSCSI initiator daemon (iscsid).
[[0;32m  OK  [0m] Started /etc/rc.local Compatibility.
         Starting Login to default iSCSI targets...
[[0;32m  OK  [0m] Started LSB: Record successful boot for GRUB.
[[0;32m  OK  [0m] Started Login Service.
[[0;32m  OK  [0m] Started LSB: MD monitoring daemon.
[[0;32m  OK  [0m] Started Unattended Upgrades Shutdown.
         Starting Authenticate and Authorize Users to Run Privileged Tasks...
[[0;32m  OK  [0m] Started Login to default iSCSI targets.
[[0;32m  OK  [0m] Reached target Remote File Systems (Pre).
[[0;32m  OK  [0m] Reached target Remote File Systems.
         Starting Permit User Sessions...
         Starting LSB: Apache2 web server...
         Starting LSB: automatic crash report generation...
         Starting LSB: Set the CPU Frequency Scaling governor to "ondemand"...
         Starting LSB: daemon to balance interrupts for SMP systems...
[[0;32m  OK  [0m] Started LXD - container startup/shutdown.
[[0;32m  OK  [0m] Started Permit User Sessions.
[[0;32m  OK  [0m] Started Authenticate and Authorize Users to Run Privileged Tasks.
[[0;32m  OK  [0m] Started Accounts Service.
         Starting Hold until boot process finishes up...
         Starting Terminate Plymouth Boot Screen...
[[0;32m  OK  [0m] Started Hold until boot process finishes up.
[[0;32m  OK  [0m] Started Virtualbox guest utils.
[[0;32m  OK  [0m] Started Terminate Plymouth Boot Screen.
[[0;32m  OK  [0m] Started OpenBSD Secure Shell server.
         Starting Set console scheme...
[[0;32m  OK  [0m] Started Getty on tty1.
[[0;32m  OK  [0m] Started Serial Getty on ttyS0.
[[0;32m  OK  [0m] Reached target Login Prompts.
[[0;32m  OK  [0m] Started LSB: Set the CPU Frequency Scaling governor to "ondemand".
[[0;32m  OK  [0m] Started Set console scheme.
[[0;32m  OK  [0m] Started LSB: automatic crash report generation.
[[0;32m  OK  [0m] Started LSB: daemon to balance interrupts for SMP systems.
[[0;32m  OK  [0m] Started Snappy daemon.
         Starting Wait until snapd is fully seeded...
[[0;32m  OK  [0m] Created slice User Slice of vagrant.
         Starting User Manager for UID 1000...
[[0;32m  OK  [0m] Started Session 1 of user vagrant.
[[0;32m  OK  [0m] Started Wait until snapd is fully seeded.
         Starting Apply the settings specified in cloud-config...
[[0;32m  OK  [0m] Started User Manager for UID 1000.
[[0;32m  OK  [0m] Started LSB: Apache2 web server.
[[0;32m  OK  [0m] Reached target Multi-User System.
[[0;32m  OK  [0m] Reached target Graphical Interface.
         Starting Update UTMP about System Runlevel Changes...
[[0;32m  OK  [0m] Started Update UTMP about System Runlevel Changes.
[[0;32m  OK  [0m] Started Message of the Day.
[   17.636145] cloud-init[1291]: Cloud-init v. 19.4-33-gbb4131a2-0ubuntu1~16.04.1 running 'modules:config' at Fri, 20 Mar 2020 10:38:30 +0000. Up 17.28 seconds.
[[0;32m  OK  [0m] Started Apply the settings specified in cloud-config.
         Starting Execute cloud user/final scripts...
[   19.065099] cloud-init[1446]: Cloud-init v. 19.4-33-gbb4131a2-0ubuntu1~16.04.1 running 'modules:final' at Fri, 20 Mar 2020 10:38:32 +0000. Up 18.75 seconds.
[   19.068690] cloud-init[1446]: Cloud-init v. 19.4-33-gbb4131a2-0ubuntu1~16.04.1 finished at Fri, 20 Mar 2020 10:38:32 +0000. Datasource DataSourceNoCloud [seed=/dev/sdb][dsmode=net].  Up 19.04 seconds
[[0;32m  OK  [0m] Started Execute cloud user/final scripts.
[[0;32m  OK  [0m] Reached target Cloud-init target.
         Starting Daily apt download activities...

Ubuntu 16.04.6 LTS ubuntu-xenial ttyS0

ubuntu-xenial login: 